Component: ARM Compiler 5.06 update 5 (build 528) Tool: armlink [4d35e2]

==============================================================================

Section Cross References

    stm32f10x_adc.o(i.ADC_DeInit) refers to stm32f10x_rcc.o(i.RCC_APB2PeriphResetCmd) for RCC_APB2PeriphResetCmd
    stm32f10x_bkp.o(i.BKP_DeInit) refers to stm32f10x_rcc.o(i.RCC_BackupResetCmd) for RCC_BackupResetCmd
    stm32f10x_can.o(i.CAN_DeInit) refers to stm32f10x_rcc.o(i.RCC_APB1PeriphResetCmd) for RCC_APB1PeriphResetCmd
    stm32f10x_can.o(i.CAN_GetITStatus) refers to stm32f10x_can.o(i.CheckITStatus) for CheckITStatus
    stm32f10x_cec.o(i.CEC_DeInit) refers to stm32f10x_rcc.o(i.RCC_APB1PeriphResetCmd) for RCC_APB1PeriphResetCmd
    stm32f10x_dac.o(i.DAC_DeInit) refers to stm32f10x_rcc.o(i.RCC_APB1PeriphResetCmd) for RCC_APB1PeriphResetCmd
    stm32f10x_flash.o(i.FLASH_EnableWriteProtection) refers to stm32f10x_flash.o(i.FLASH_WaitForLastOperation) for FLASH_WaitForLastOperation
    stm32f10x_flash.o(i.FLASH_EraseAllBank1Pages) refers to stm32f10x_flash.o(i.FLASH_WaitForLastBank1Operation) for FLASH_WaitForLastBank1Operation
    stm32f10x_flash.o(i.FLASH_EraseAllPages) refers to stm32f10x_flash.o(i.FLASH_WaitForLastOperation) for FLASH_WaitForLastOperation
    stm32f10x_flash.o(i.FLASH_EraseOptionBytes) refers to stm32f10x_flash.o(i.FLASH_GetReadOutProtectionStatus) for FLASH_GetReadOutProtectionStatus
    stm32f10x_flash.o(i.FLASH_EraseOptionBytes) refers to stm32f10x_flash.o(i.FLASH_WaitForLastOperation) for FLASH_WaitForLastOperation
    stm32f10x_flash.o(i.FLASH_ErasePage) refers to stm32f10x_flash.o(i.FLASH_WaitForLastOperation) for FLASH_WaitForLastOperation
    stm32f10x_flash.o(i.FLASH_ProgramHalfWord) refers to stm32f10x_flash.o(i.FLASH_WaitForLastOperation) for FLASH_WaitForLastOperation
    stm32f10x_flash.o(i.FLASH_ProgramOptionByteData) refers to stm32f10x_flash.o(i.FLASH_WaitForLastOperation) for FLASH_WaitForLastOperation
    stm32f10x_flash.o(i.FLASH_ProgramWord) refers to stm32f10x_flash.o(i.FLASH_WaitForLastOperation) for FLASH_WaitForLastOperation
    stm32f10x_flash.o(i.FLASH_ReadOutProtection) refers to stm32f10x_flash.o(i.FLASH_WaitForLastOperation) for FLASH_WaitForLastOperation
    stm32f10x_flash.o(i.FLASH_UserOptionByteConfig) refers to stm32f10x_flash.o(i.FLASH_WaitForLastOperation) for FLASH_WaitForLastOperation
    stm32f10x_flash.o(i.FLASH_WaitForLastBank1Operation) refers to stm32f10x_flash.o(i.FLASH_GetBank1Status) for FLASH_GetBank1Status
    stm32f10x_flash.o(i.FLASH_WaitForLastOperation) refers to stm32f10x_flash.o(i.FLASH_GetBank1Status) for FLASH_GetBank1Status
    stm32f10x_gpio.o(i.GPIO_AFIODeInit) refers to stm32f10x_rcc.o(i.RCC_APB2PeriphResetCmd) for RCC_APB2PeriphResetCmd
    stm32f10x_gpio.o(i.GPIO_DeInit) refers to stm32f10x_rcc.o(i.RCC_APB2PeriphResetCmd) for RCC_APB2PeriphResetCmd
    stm32f10x_i2c.o(i.I2C_DeInit) refers to stm32f10x_rcc.o(i.RCC_APB1PeriphResetCmd) for RCC_APB1PeriphResetCmd
    stm32f10x_i2c.o(i.I2C_Init) refers to stm32f10x_rcc.o(i.RCC_GetClocksFreq) for RCC_GetClocksFreq
    stm32f10x_pwr.o(i.PWR_DeInit) refers to stm32f10x_rcc.o(i.RCC_APB1PeriphResetCmd) for RCC_APB1PeriphResetCmd
    stm32f10x_rcc.o(i.RCC_GetClocksFreq) refers to stm32f10x_rcc.o(.data) for APBAHBPrescTable
    stm32f10x_rcc.o(i.RCC_WaitForHSEStartUp) refers to stm32f10x_rcc.o(i.RCC_GetFlagStatus) for RCC_GetFlagStatus
    stm32f10x_rtc.o(i.RTC_SetAlarm) refers to stm32f10x_rtc.o(i.RTC_EnterConfigMode) for RTC_EnterConfigMode
    stm32f10x_rtc.o(i.RTC_SetAlarm) refers to stm32f10x_rtc.o(i.RTC_ExitConfigMode) for RTC_ExitConfigMode
    stm32f10x_rtc.o(i.RTC_SetCounter) refers to stm32f10x_rtc.o(i.RTC_EnterConfigMode) for RTC_EnterConfigMode
    stm32f10x_rtc.o(i.RTC_SetCounter) refers to stm32f10x_rtc.o(i.RTC_ExitConfigMode) for RTC_ExitConfigMode
    stm32f10x_rtc.o(i.RTC_SetPrescaler) refers to stm32f10x_rtc.o(i.RTC_EnterConfigMode) for RTC_EnterConfigMode
    stm32f10x_rtc.o(i.RTC_SetPrescaler) refers to stm32f10x_rtc.o(i.RTC_ExitConfigMode) for RTC_ExitConfigMode
    stm32f10x_spi.o(i.I2S_Init) refers to stm32f10x_rcc.o(i.RCC_GetClocksFreq) for RCC_GetClocksFreq
    stm32f10x_spi.o(i.SPI_I2S_DeInit) refers to stm32f10x_rcc.o(i.RCC_APB2PeriphResetCmd) for RCC_APB2PeriphResetCmd
    stm32f10x_spi.o(i.SPI_I2S_DeInit) refers to stm32f10x_rcc.o(i.RCC_APB1PeriphResetCmd) for RCC_APB1PeriphResetCmd
    stm32f10x_tim.o(i.TIM_DeInit) refers to stm32f10x_rcc.o(i.RCC_APB2PeriphResetCmd) for RCC_APB2PeriphResetCmd
    stm32f10x_tim.o(i.TIM_DeInit) refers to stm32f10x_rcc.o(i.RCC_APB1PeriphResetCmd) for RCC_APB1PeriphResetCmd
    stm32f10x_tim.o(i.TIM_ETRClockMode1Config) refers to stm32f10x_tim.o(i.TIM_ETRConfig) for TIM_ETRConfig
    stm32f10x_tim.o(i.TIM_ETRClockMode2Config) refers to stm32f10x_tim.o(i.TIM_ETRConfig) for TIM_ETRConfig
    stm32f10x_tim.o(i.TIM_ICInit) refers to stm32f10x_tim.o(i.TI1_Config) for TI1_Config
[...]
    i._update                                0x08003680   Section        0  d_encoder.o(i._update)
    _update                                  0x08003681   Thumb Code   128  d_encoder.o(i._update)
    i._usart_irq                             0x08003704   Section        0  usart.o(i._usart_irq)
    _usart_irq                               0x08003705   Thumb Code   104  usart.o(i._usart_irq)
    i.a_board_init                           0x08003774   Section        0  a_board.o(i.a_board_init)
    i.a_fsm_process                          0x08003868   Section        0  a_fsm.o(i.a_fsm_process)
    i.a_fsm_trigger_event                    0x080038d0   Section        0  a_fsm.o(i.a_fsm_trigger_event)
    i.can_init                               0x080038dc   Section        0  can.o(i.can_init)
    i.can_send                               0x080039ec   Section        0  can.o(i.can_send)
    i.dispatch_event                         0x08003a80   Section        0  a_fsm.o(i.dispatch_event)
    dispatch_event                           0x08003a81   Thumb Code    44  a_fsm.o(i.dispatch_event)
    i.dwt_get_us                             0x08003aac   Section        0  dwt.o(i.dwt_get_us)
    i.dwt_init                               0x08003abc   Section        0  dwt.o(i.dwt_init)
    i.dwt_is_timeout                         0x08003aec   Section        0  dwt.o(i.dwt_is_timeout)
    i.encoder_create                         0x08003b20   Section        0  d_encoder.o(i.encoder_create)
    i.enter_down_to                          0x08003b60   Section        0  a_fsm.o(i.enter_down_to)
    enter_down_to                            0x08003b61   Thumb Code    56  a_fsm.o(i.enter_down_to)
    i.error_entry                            0x08003b98   Section        0  a_fsm.o(i.error_entry)
    error_entry                              0x08003b99   Thumb Code    22  a_fsm.o(i.error_entry)
    i.error_handle_event                     0x08003bb8   Section        0  a_fsm.o(i.error_handle_event)
    error_handle_event                       0x08003bb9   Thumb Code    14  a_fsm.o(i.error_handle_event)
    i.execute_action                         0x08003bcc   Section        0  a_fsm.o(i.execute_action)
    execute_action                           0x08003bcd   Thumb Code    24  a_fsm.o(i.execute_action)
    i.exit_up_to                             0x08003be4   Section        0  a_fsm.o(i.exit_up_to)
    exit_up_to                               0x08003be5   Thumb Code    28  a_fsm.o(i.exit_up_to)
    i.find_lca                               0x08003c00   Section        0  a_fsm.o(i.find_lca)
    find_lca                                 0x08003c01   Thumb Code   128  a_fsm.o(i.find_lca)
    i.fputc                                  0x08003c80   Section        0  usart.o(i.fputc)
    i.frexp                                  0x08003c9c   Section        0  frexp.o(i.frexp)
    i.gripper_create                         0x08003cf4   Section        0  d_gripper.o(i.gripper_create)
    i.idle_action                            0x08003d3c   Section        0  a_fsm.o(i.idle_action)
    idle_action                              0x08003d3d   Thumb Code    42  a_fsm.o(i.idle_action)
    i.idle_handle_event                      0x08003d74   Section        0  a_fsm.o(i.idle_handle_event)
    idle_handle_event                        0x08003d75   Thumb Code    14  a_fsm.o(i.idle_handle_event)
    i.ldexp                                  0x08003d88   Section        0  ldexp.o(i.ldexp)
    i.lift_moving_action                     0x08003dfc   Section        0  a_fsm.o(i.lift_moving_action)
    lift_moving_action                       0x08003dfd   Thumb Code    84  a_fsm.o(i.lift_moving_action)
    i.lift_moving_entry                      0x08003e64   Section        0  a_fsm.o(i.lift_moving_entry)
    lift_moving_entry                        0x08003e65   Thumb Code    10  a_fsm.o(i.lift_moving_entry)
    i.lift_moving_exit                       0x08003e80   Section        0  a_fsm.o(i.lift_moving_exit)
    lift_moving_exit                         0x08003e81   Thumb Code    10  a_fsm.o(i.lift_moving_exit)
    i.lift_moving_handle_event               0x08003e98   Section        0  a_fsm.o(i.lift_moving_handle_event)
    lift_moving_handle_event                 0x08003e99   Thumb Code    14  a_fsm.o(i.lift_moving_handle_event)
    i.main                                   0x08003eac   Section        0  main.o(i.main)
    i.normal_action                          0x08003eb8   Section        0  a_fsm.o(i.normal_action)
    normal_action                            0x08003eb9   Thumb Code    26  a_fsm.o(i.normal_action)
    i.normal_handle_event                    0x08003edc   Section        0  a_fsm.o(i.normal_handle_event)
    normal_handle_event                      0x08003edd   Thumb Code    14  a_fsm.o(i.normal_handle_event)
    i.relay_create                           0x08003ef0   Section        0  d_relay.o(i.relay_create)
    i.s_delay_init                           0x08003f14   Section        0  s_delay.o(i.s_delay_init)
    i.s_delay_ms                             0x08003f28   Section        0  s_delay.o(i.s_delay_ms)
    i.s_nb_delay_ms                          0x08003f4c   Section        0  s_delay.o(i.s_nb_delay_ms)
    i.s_wireless_comms_init                  0x08003f80   Section        0  s_wireless_comms.o(i.s_wireless_comms_init)
    i.s_wireless_comms_process               0x08003f9c   Section        0  s_wireless_comms.o(i.s_wireless_comms_process)
    i.systick_get_ms                         0x08004058   Section        0  systick.o(i.systick_get_ms)
    i.systick_init                           0x08004064   Section        0  systick.o(i.systick_init)
    i.systick_is_timeout                     0x080040b0   Section        0  systick.o(i.systick_is_timeout)
    i.tim_init                               0x080040e0   Section        0  timer.o(i.tim_init)
    i.usart_init                             0x0800433c   Section        0  usart.o(i.usart_init)
    i.usart_read_byte                        0x0800441c   Section        0  usart.o(i.usart_read_byte)
    locale$$code                             0x08004454   Section       44  lc_numeric_c.o(locale$$code)
    locale$$code                             0x08004480   Section       44  lc_ctype_c.o(locale$$code)
    x$fpl$d2f                                0x080044ac   Section       98  d2f.o(x$fpl$d2f)
    x$fpl$dcheck1                            0x08004510   Section       16  dcheck1.o(x$fpl$dcheck1)
    x$fpl$dcmpinf                            0x08004520   Section       24  dcmpi.o(x$fpl$dcmpinf)
    x$fpl$deqf                               0x08004538   Section      120  deqf.o(x$fpl$deqf)
    x$fpl$dfix                               0x080045b0   Section       94  dfix.o(x$fpl$dfix)
    x$fpl$dflt                               0x0800460e   Section       46  dflt_clz.o(x$fpl$dflt)
    x$fpl$dleqf                              0x0800463c   Section      120  dleqf.o(x$fpl$dleqf)
    x$fpl$dnaninf                            0x080046b4   Section      156  dnaninf.o(x$fpl$dnaninf)
    x$fpl$drleqf                             0x08004750   Section      108  drleqf.o(x$fpl$drleqf)
    x$fpl$fadd                               0x080047bc   Section      196  faddsub_clz.o(x$fpl$fadd)
    _fadd1                                   0x080047cb   Thumb Code     0  faddsub_clz.o(x$fpl$fadd)
    x$fpl$fcmpinf                            0x08004880   Section       24  fcmpi.o(x$fpl$fcmpinf)
    x$fpl$fdiv                               0x08004898   Section      388  fdiv.o(x$fpl$fdiv)
    _fdiv1                                   0x08004899   Thumb Code     0  fdiv.o(x$fpl$fdiv)
    x$fpl$fflt                               0x08004a1c   Section       48  fflt_clz.o(x$fpl$fflt)
    x$fpl$fleqf                              0x08004a4c   Section      104  fleqf.o(x$fpl$fleqf)
    x$fpl$fnaninf                            0x08004ab4   Section      140  fnaninf.o(x$fpl$fnaninf)
    x$fpl$fretinf                            0x08004b40   Section       10  fretinf.o(x$fpl$fretinf)
    x$fpl$frleqf                             0x08004b4a   Section       98  frleqf.o(x$fpl$frleqf)
    x$fpl$frsb                               0x08004bac   Section       20  faddsub_clz.o(x$fpl$frsb)
    x$fpl$fsub                               0x08004bc0   Section      234  faddsub_clz.o(x$fpl$fsub)
    _fsub1                                   0x08004bcf   Thumb Code     0  faddsub_clz.o(x$fpl$fsub)
    x$fpl$ieeestatus                         0x08004caa   Section        6  istatus.o(x$fpl$ieeestatus)
    x$fpl$retnan                             0x08004cb0   Section      100  retnan.o(x$fpl$retnan)
    x$fpl$scalbn                             0x08004d14   Section       92  scalbn.o(x$fpl$scalbn)
    x$fpl$scanf1                             0x08004d70   Section        4  scanf1.o(x$fpl$scanf1)
    x$fpl$scanf2                             0x08004d74   Section        8  scanf2.o(x$fpl$scanf2)
    x$fpl$trapveneer                         0x08004d7c   Section       48  trapv.o(x$fpl$trapveneer)
    .constdata                               0x08004dac   Section      284  a_board.o(.constdata)
    x$fpl$usenofp                            0x08004dac   Section        0  usenofp.o(x$fpl$usenofp)
    relay_cfg                                0x08004dac   Data          16  a_board.o(.constdata)
    can_cfg                                  0x08004dbc   Data          16  a_board.o(.constdata)
    usart1_cfg                               0x08004dcc   Data          12  a_board.o(.constdata)
    tim_cfg_table                            0x08004dd8   Data         240  a_board.o(.constdata)
    .constdata                               0x08004ec8   Section       32  can.o(.constdata)
    _hw                                      0x08004ec8   Data          28  can.o(.constdata)
    _mode_map                                0x08004ee4   Data           4  can.o(.constdata)
    .constdata                               0x08004ee8   Section       48  timer.o(.constdata)
    _hw                                      0x08004ee8   Data          48  timer.o(.constdata)
    .constdata                               0x08004f18   Section       96  usart.o(.constdata)
    _hw                                      0x08004f18   Data          96  usart.o(.constdata)
    .constdata                               0x08004f78   Section       17  __printf_flags_ss_wp.o(.constdata)
    maptable                                 0x08004f78   Data          17  __printf_flags_ss_wp.o(.constdata)
    .constdata                               0x08004f8c   Section      148  bigflt0.o(.constdata)
    tenpwrs_x                                0x08004f8c   Data          60  bigflt0.o(.constdata)
    tenpwrs_i                                0x08004fc8   Data          64  bigflt0.o(.constdata)
    .conststring                             0x08005020   Section       34  a_fsm.o(.conststring)
    c$$dinf                                  0x08005064   Section        8  fpconst.o(c$$dinf)
    c$$dmax                                  0x0800506c   Section        8  fpconst.o(c$$dmax)
    locale$$data                             0x08005074   Section       28  lc_numeric_c.o(locale$$data)
    __lcnum_c_name                           0x08005078   Data           2  lc_numeric_c.o(locale$$data)
    __lcnum_c_start                          0x08005080   Data           0  lc_numeric_c.o(locale$$data)
    __lcnum_c_point                          0x0800508c   Data           0  lc_numeric_c.o(locale$$data)
    __lcnum_c_thousands                      0x0800508e   Data           0  lc_numeric_c.o(locale$$data)
    __lcnum_c_grouping                       0x0800508f   Data           0  lc_numeric_c.o(locale$$data)
    locale$$data                             0x08005090   Section      272  lc_ctype_c.o(locale$$data)
    __lcnum_c_end                            0x08005090   Data           0  lc_numeric_c.o(locale$$data)
    __lcctype_c_name                         0x08005094   Data           2  lc_ctype_c.o(locale$$data)
    __lcctype_c_start                        0x0800509c   Data           0  lc_ctype_c.o(locale$$data)
    __lcctype_c_end                          0x080051a0   Data           0  lc_ctype_c.o(locale$$data)
    .data                                    0x20000000   Section       20  stm32f10x_rcc.o(.data)
    APBAHBPrescTable                         0x20000000   Data          16  stm32f10x_rcc.o(.data)
    ADCPrescTable                            0x20000010   Data           4  stm32f10x_rcc.o(.data)
    .data                                    0x20000014   Section        8  a_board.o(.data)
    .data                                    0x2000001c   Section      104  a_fsm.o(.data)
    .data                                    0x20000084   Section       19  s_wireless_comms.o(.data)
    _usart                                   0x20000088   Data           4  s_wireless_comms.o(.data)
    _lift_relay                              0x2000008c   Data           4  s_wireless_comms.o(.data)
    _gripper                                 0x20000090   Data           4  s_wireless_comms.o(.data)
    _cmd_start                               0x20000094   Data           1  s_wireless_comms.o(.data)
    _cmd_ready                               0x20000095   Data           1  s_wireless_comms.o(.data)
    _cmd_idx                                 0x20000096   Data           1  s_wireless_comms.o(.data)
    .data                                    0x20000098   Section        4  can.o(.data)
    _handles                                 0x20000098   Data           4  can.o(.data)
    .data                                    0x2000009c   Section        4  systick.o(.data)
    _ms                                      0x2000009c   Data           4  systick.o(.data)
    .data                                    0x200000a0   Section        4  usart.o(.data)
    .bss                                     0x200000a4   Section      428  a_board.o(.bss)
    .bss                                     0x20000250   Section       16  s_delay.o(.bss)
    _delay_ops                               0x20000250   Data          16  s_delay.o(.bss)
    .bss                                     0x20000260   Section      128  s_wireless_comms.o(.bss)
    _rx_buf                                  0x20000260   Data         128  s_wireless_comms.o(.bss)
    .bss                                     0x200002e0   Section       16  timer.o(.bss)
    _handles                                 0x200002e0   Data          16  timer.o(.bss)
    .bss                                     0x200002f0   Section       12  usart.o(.bss)
    _handles                                 0x200002f0   Data          12  usart.o(.bss)
    .bss                                     0x200002fc   Section       96  libspace.o(.bss)
    HEAP                                     0x20000360   Section      512  startup_stm32f10x_md.o(HEAP)
    Heap_Mem                                 0x20000360   Data         512  startup_stm32f10x_md.o(HEAP)
    STACK                                    0x20000560   Section     1024  startup_stm32f10x_md.o(STACK)
    Stack_Mem                                0x20000560   Data        1024  startup_stm32f10x_md.o(STACK)
    __initial_sp                             0x20000960   Data           0  startup_stm32f10x_md.o(STACK)

    Global Symbols

    Symbol Name                              Value     Ov Type        Size  Object(Section)

    BuildAttributes$$THM_ISAv4$P$D$K$B$S$PE$A:L22UL41UL21$X:L11$S22US41US21$IEEE1$IW$USESV6$~STKCKD$USESV7$~SHL$OTIME$ROPI$IEEEX$EBA8$UX$STANDARDLIB$REQ8$PRES8$EABIv2 0x00000000   Number         0  anon$$obj.o ABSOLUTE
    __ARM_use_no_argv                        0x00000000   Number         0  main.o ABSOLUTE
    _printf_flags                            0x00000000   Number         0  printf_stubs.o ABSOLUTE
    _printf_return_value                     0x00000000   Number         0  printf_stubs.o ABSOLUTE
    _printf_sizespec                         0x00000000   Number         0  printf_stubs.o ABSOLUTE
    _printf_widthprec                        0x00000000   Number         0  printf_stubs.o ABSOLUTE
    __ARM_exceptions_init                     - Undefined Weak Reference
    __alloca_initialize                       - Undefined Weak Reference
    __arm_preinit_                            - Undefined Weak Reference
    __cpp_initialize__aeabi_                  - Undefined Weak Reference
    __cxa_finalize                            - Undefined Weak Reference
    __sigvec_lookup                           - Undefined Weak Reference
    _atexit_init                              - Undefined Weak Reference
    _call_atexit_fns                          - Undefined Weak Reference
    _clock_init                               - Undefined Weak Reference
    _fp_trap_init                             - Undefined Weak Reference
    _fp_trap_shutdown                         - Undefined Weak Reference
    _get_lc_collate                           - Undefined Weak Reference
    _get_lc_monetary                          - Undefined Weak Reference
    _get_lc_time                              - Undefined Weak Reference
    _getenv_init                              - Undefined Weak Reference
    _handle_redirection                       - Undefined Weak Reference
    _init_alloc                               - Undefined Weak Reference
    _init_user_alloc                          - Undefined Weak Reference
    _initio                                   - Undefined Weak Reference
    _mutex_acquire                            - Undefined Weak Reference
    _mutex_release                            - Undefined Weak Reference
    _printf_mbtowc                            - Undefined Weak Reference
    _printf_wc                                - Undefined Weak Reference
    _rand_init                                - Undefined Weak Reference
    _scanf_int                                - Undefined Weak Reference
    _scanf_longlong                           - Undefined Weak Reference
    _scanf_mbtowc                             - Undefined Weak Reference
    _scanf_string                             - Undefined Weak Reference
    _scanf_wctomb                             - Undefined Weak Reference
    _scanf_wstring                            - Undefined Weak Reference
    _signal_finish                            - Undefined Weak Reference
    _signal_init                              - Undefined Weak Reference
    _terminate_alloc                          - Undefined Weak Reference
    _terminate_user_alloc                     - Undefined Weak Reference
    _terminateio                              - Undefined Weak Reference
    __Vectors_Size                           0x000000ec   Number         0  startup_stm32f10x_md.o ABSOLUTE
    __Vectors                                0x08000000   Data           4  startup_stm32f10x_md.o(RESET)
    __Vectors_End                            0x080000ec   Data           0  startup_stm32f10x_md.o(RESET)
    __main                                   0x080000ed   Thumb Code     8  __main.o(!!!main)
    __scatterload                            0x080000f5   Thumb Code     0  __scatter.o(!!!scatter)
    __scatterload_rt2                        0x080000f5   Thumb Code    44  __scatter.o(!!!scatter)
    __scatterload_rt2_thumb_only             0x080000f5   Thumb Code     0  __scatter.o(!!!scatter)
    __scatterload_null                       0x08000103   Thumb Code     0  __scatter.o(!!!scatter)
    __scatterload_copy                       0x08000129   Thumb Code    26  __scatter_copy.o(!!handler_copy)
    __scatterload_zeroinit                   0x08000145   Thumb Code    28  __scatter_zi.o(!!handler_zi)
    _printf_percent                          0x08000161   Thumb Code     0  _printf_percent.o(.ARM.Collect$$_printf_percent$$00000000)
    _printf_percent_end                      0x08000161   Thumb Code     0  _printf_percent_end.o(.ARM.Collect$$_printf_percent$$00000017)
    __rt_lib_init                            0x08000165   Thumb Code     0  libinit.o(.ARM.Collect$$libinit$$00000000)
    __rt_lib_init_fp_1                       0x08000167   Thumb Code     0  libinit2.o(.ARM.Collect$$libinit$$00000002)
    __rt_lib_init_heap_1                     0x08000167   Thumb Code     0  libinit2.o(.ARM.Collect$$libinit$$0000000A)
    __rt_lib_init_lc_common                  0x08000167   Thumb Code     0  libinit2.o(.ARM.Collect$$libinit$$0000000F)
    __rt_lib_init_preinit_1                  0x08000167   Thumb Code     0  libinit2.o(.ARM.Collect$$libinit$$00000004)
    __rt_lib_init_rand_1                     0x08000167   Thumb Code     0  libinit2.o(.ARM.Collect$$libinit$$0000000E)
    __rt_lib_init_user_alloc_1               0x08000167   Thumb Code     0  libinit2.o(.ARM.Collect$$libinit$$0000000C)
    __rt_lib_init_lc_collate_1               0x0800016d   Thumb Code     0  libinit2.o(.ARM.Collect$$libinit$$00000011)
    __rt_lib_init_lc_ctype_2                 0x0800016d   Thumb Code     0  libinit2.o(.ARM.Collect$$libinit$$00000012)
    __rt_lib_init_lc_ctype_1                 0x08000179   Thumb Code     0  libinit2.o(.ARM.Collect$$libinit$$00000013)
    __rt_lib_init_lc_monetary_1              0x08000179   Thumb Code     0  libinit2.o(.ARM.Collect$$libinit$$00000015)
    __rt_lib_init_lc_numeric_2               0x08000179   Thumb Code     0  libinit2.o(.ARM.Collect$$libinit$$00000016)
    __rt_lib_init_alloca_1                   0x08000183   Thumb Code     0  libinit2.o(.ARM.Collect$$libinit$$0000002E)
    __rt_lib_init_argv_1                     0x08000183   Thumb Code     0  libinit2.o(.ARM.Collect$$libinit$$0000002C)
    __rt_lib_init_atexit_1                   0x08000183   Thumb Code     0  libinit2.o(.ARM.Collect$$libinit$$0000001B)
    __rt_lib_init_clock_1                    0x08000183   Thumb Code     0  libinit2.o(.ARM.Collect$$libinit$$00000021)
    __rt_lib_init_cpp_1                      0x08000183   Thumb Code     0  libinit2.o(.ARM.Collect$$libinit$$00000032)
    __rt_lib_init_exceptions_1               0x08000183   Thumb Code     0  libinit2.o(.ARM.Collect$$libinit$$00000030)
    __rt_lib_init_fp_trap_1                  0x08000183   Thumb Code     0  libinit2.o(.ARM.Collect$$libinit$$0000001F)
    __rt_lib_init_getenv_1                   0x08000183   Thumb Code     0  libinit2.o(.ARM.Collect$$libinit$$00000023)
    __rt_lib_init_lc_numeric_1               0x08000183   Thumb Code     0  libinit2.o(.ARM.Collect$$libinit$$00000017)
    __rt_lib_init_lc_time_1                  0x08000183   Thumb Code     0  libinit2.o(.ARM.Collect$$libinit$$00000019)
    __rt_lib_init_return                     0x08000183   Thumb Code     0  libinit2.o(.ARM.Collect$$libinit$$00000033)
    __rt_lib_init_signal_1                   0x08000183   Thumb Code     0  libinit2.o(.ARM.Collect$$libinit$$0000001D)
    __rt_lib_init_stdio_1                    0x08000183   Thumb Code     0  libinit2.o(.ARM.Collect$$libinit$$00000025)
    __rt_lib_shutdown                        0x08000185   Thumb Code     0  libshutdown.o(.ARM.Collect$$libshutdown$$00000000)
    __rt_lib_shutdown_cpp_1                  0x08000187   Thumb Code     0  libshutdown2.o(.ARM.Collect$$libshutdown$$00000002)
    __rt_lib_shutdown_fp_trap_1              0x08000187   Thumb Code     0  libshutdown2.o(.ARM.Collect$$libshutdown$$00000007)
    __rt_lib_shutdown_heap_1                 0x08000187   Thumb Code     0  libshutdown2.o(.ARM.Collect$$libshutdown$$0000000F)
    __rt_lib_shutdown_return                 0x08000187   Thumb Code     0  libshutdown2.o(.ARM.Collect$$libshutdown$$00000010)
    __rt_lib_shutdown_signal_1               0x08000187   Thumb Code     0  libshutdown2.o(.ARM.Collect$$libshutdown$$0000000A)
    __rt_lib_shutdown_stdio_1                0x08000187   Thumb Code     0  libshutdown2.o(.ARM.Collect$$libshutdown$$00000004)
    __rt_lib_shutdown_user_alloc_1           0x08000187   Thumb Code     0  libshutdown2.o(.ARM.Collect$$libshutdown$$0000000C)
    __rt_entry                               0x08000189   Thumb Code     0  __rtentry.o(.ARM.Collect$$rtentry$$00000000)
    __rt_entry_presh_1                       0x08000189   Thumb Code     0  __rtentry2.o(.ARM.Collect$$rtentry$$00000002)
    __rt_entry_sh                            0x08000189   Thumb Code     0  __rtentry4.o(.ARM.Collect$$rtentry$$00000004)
    __rt_entry_li                            0x0800018f   Thumb Code     0  __rtentry2.o(.ARM.Collect$$rtentry$$0000000A)
    __rt_entry_postsh_1                      0x0800018f   Thumb Code     0  __rtentry2.o(.ARM.Collect$$rtentry$$00000009)
    __rt_entry_main                          0x08000193   Thumb Code     0  __rtentry2.o(.ARM.Collect$$rtentry$$0000000D)
    __rt_entry_postli_1                      0x08000193   Thumb Code     0  __rtentry2.o(.ARM.Collect$$rtentry$$0000000C)
    __rt_exit                                0x0800019b   Thumb Code     0  rtexit.o(.ARM.Collect$$rtexit$$00000000)
    __rt_exit_ls                             0x0800019d   Thumb Code     0  rtexit2.o(.ARM.Collect$$rtexit$$00000003)
    __rt_exit_prels_1                        0x0800019d   Thumb Code     0  rtexit2.o(.ARM.Collect$$rtexit$$00000002)
    __rt_exit_exit                           0x080001a1   Thumb Code     0  rtexit2.o(.ARM.Collect$$rtexit$$00000004)
    Reset_Handler                            0x080001a9   Thumb Code     8  startup_stm32f10x_md.o(.text)
    ADC1_2_IRQHandler                        0x080001c3   Thumb Code     0  startup_stm32f10x_md.o(.text)
    CAN1_RX1_IRQHandler                      0x080001c3   Thumb Code     0  startup_stm32f10x_md.o(.text)
    CAN1_SCE_IRQHandler                      0x080001c3   Thumb Code     0  startup_stm32f10x_md.o(.text)
    DMA1_Channel1_IRQHandler                 0x080001c3   Thumb Code     0  startup_stm32f10x_md.o(.text)
    DMA1_Channel2_IRQHandler                 0x080001c3   Thumb Code     0  startup_stm32f10x_md.o(.text)
    DMA1_Channel3_IRQHandler                 0x080001c3   Thumb Code     0  startup_stm32f10x_md.o(.text)
    DMA1_Channel4_IRQHandler                 0x080001c3   Thumb Code     0  startup_stm32f10x_md.o(.text)
    DMA1_Channel5_IRQHandler                 0x080001c3   Thumb Code     0  startup_stm32f10x_md.o(.text)
    DMA1_Channel6_IRQHandler                 0x080001c3   Thumb Code     0  startup_stm32f10x_md.o(.text)
    DMA1_Channel7_IRQHandler                 0x080001c3   Thumb Code     0  startup_stm32f10x_md.o(.text)
    EXTI0_IRQHandler                         0x080001c3   Thumb Code     0  startup_stm32f10x_md.o(.text)
    EXTI15_10_IRQHandler                     0x080001c3   Thumb Code     0  startup_stm32f10x_md.o(.text)
    EXTI1_IRQHandler                         0x080001c3   Thumb Code     0  startup_stm32f10x_md.o(.text)
    EXTI2_IRQHandler                         0x080001c3   Thumb Code     0  startup_stm32f10x_md.o(.text)
    EXTI3_IRQHandler                         0x080001c3   Thumb Code     0  startup_stm32f10x_md.o(.text)
    EXTI4_IRQHandler                         0x080001c3   Thumb Code     0  startup_stm32f10x_md.o(.text)
    EXTI9_5_IRQHandler                       0x080001c3   Thumb Code     0  startup_stm32f10x_md.o(.text)
    FLASH_IRQHandler                         0x080001c3   Thumb Code     0  startup_stm32f10x_md.o(.text)
    I2C1_ER_IRQHandler                       0x080001c3   Thumb Code     0  startup_stm32f10x_md.o(.text)
    I2C1_EV_IRQHandler                       0x080001c3   Thumb Code     0  startup_stm32f10x_md.o(.text)
    I2C2_ER_IRQHandler                       0x080001c3   Thumb Code     0  startup_stm32f10x_md.o(.text)
    I2C2_EV_IRQHandler                       0x080001c3   Thumb Code     0  startup_stm32f10x_md.o(.text)
    PVD_IRQHandler                           0x080001c3   Thumb Code     0  startup_stm32f10x_md.o(.text)
    RCC_IRQHandler                           0x080001c3   Thumb Code     0  startup_stm32f10x_md.o(.text)
    RTCAlarm_IRQHandler                      0x080001c3   Thumb Code     0  startup_stm32f10x_md.o(.text)
    RTC_IRQHandler                           0x080001c3   Thumb Code     0  startup_stm32f10x_md.o(.text)
    SPI1_IRQHandler                          0x080001c3   Thumb Code     0  startup_stm32f10x_md.o(.text)
    SPI2_IRQHandler                          0x080001c3   Thumb Code     0  startup_stm32f10x_md.o(.text)
    TAMPER_IRQHandler                        0x080001c3   Thumb Code     0  startup_stm32f10x_md.o(.text)
    TIM1_BRK_IRQHandler                      0x080001c3   Thumb Code     0  startup_stm32f10x_md.o(.text)
    TIM1_CC_IRQHandler                       0x080001c3   Thumb Code     0  startup_stm32f10x_md.o(.text)
    TIM1_TRG_COM_IRQHandler                  0x080001c3   Thumb Code     0  startup_stm32f10x_md.o(.text)
    USBWakeUp_IRQHandler                     0x080001c3   Thumb Code     0  startup_stm32f10x_md.o(.text)
    USB_HP_CAN1_TX_IRQHandler                0x080001c3   Thumb Code     0  startup_stm32f10x_md.o(.text)
    WWDG_IRQHandler                          0x080001c3   Thumb Code     0  startup_stm32f10x_md.o(.text)
    __user_initial_stackheap                 0x080001c5   Thumb Code     0  startup_stm32f10x_md.o(.text)
    __use_no_semihosting                     0x080001e9   Thumb Code     2  use_no_semi_2.o(.text)
    __2printf                                0x080001ed   Thumb Code    20  __2printf.o(.text)
    __printf                                 0x08000205   Thumb Code   388  __printf_flags_ss_wp.o(.text)
    __0sscanf                                0x0800038d   Thumb Code    52  __0sscanf.o(.text)
    __aeabi_memcpy4                          0x080003c9   Thumb Code     0  rt_memcpy_w.o(.text)
    __aeabi_memcpy8                          0x080003c9   Thumb Code     0  rt_memcpy_w.o(.text)
    __rt_memcpy_w                            0x080003c9   Thumb Code   100  rt_memcpy_w.o(.text)
    _memcpy_lastbytes_aligned                0x08000411   Thumb Code     0  rt_memcpy_w.o(.text)
    __use_two_region_memory                  0x0800042d   Thumb Code     2  heapauxi.o(.text)
    __rt_heap_escrow$2region                 0x0800042f   Thumb Code     2  heapauxi.o(.text)
    __rt_heap_expand$2region                 0x08000431   Thumb Code     2  heapauxi.o(.text)
    __I$use$semihosting                      0x08000433   Thumb Code     0  use_no_semi.o(.text)
    __use_no_semihosting_swi                 0x08000433   Thumb Code     2  use_no_semi.o(.text)
    _printf_char_file                        0x08000435   Thumb Code    32  _printf_char_file.o(.text)
    _scanf_really_real                       0x080006a5   Thumb Code   684  scanf_fp.o(.text)
    __vfscanf_char                           0x0800095d   Thumb Code    24  scanf_char.o(.text)
    _sgetc                                   0x0800097d   Thumb Code    30  _sgetc.o(.text)
    _sbackspace                              0x0800099b   Thumb Code    34  _sgetc.o(.text)
    __rt_locale                              0x080009bd   Thumb Code     8  rt_locale_intlibspace.o(.text)
    __aeabi_errno_addr                       0x080009c5   Thumb Code     8  rt_errno_addr_intlibspace.o(.text)
    __errno$intlibspace                      0x080009c5   Thumb Code     0  rt_errno_addr_intlibspace.o(.text)
    __rt_errno_addr$intlibspace              0x080009c5   Thumb Code     0  rt_errno_addr_intlibspace.o(.text)
    isspace                                  0x080009cd   Thumb Code    18  isspace.o(.text)
    _printf_char_common                      0x080009eb   Thumb Code    32  _printf_char_common.o(.text)
    __vfscanf                                0x08000a11   Thumb Code   878  _scanf.o(.text)
    _btod_etento                             0x08000d85   Thumb Code   224  bigflt0.o(.text)
    ferror                                   0x08000e69   Thumb Code     8  ferror.o(.text)
    __user_libspace                          0x08000e71   Thumb Code     8  libspace.o(.text)
    __user_perproc_libspace                  0x08000e71   Thumb Code     0  libspace.o(.text)
    __user_perthread_libspace                0x08000e71   Thumb Code     0  libspace.o(.text)
    __user_setup_stackheap                   0x08000e79   Thumb Code    74  sys_stackheap_outer.o(.text)
    __rt_ctype_table                         0x08000ec5   Thumb Code    16  rt_ctype_table.o(.text)
    __read_errno                             0x08000ed5   Thumb Code    10  _rserrno.o(.text)
    __set_errno                              0x08000edf   Thumb Code    12  _rserrno.o(.text)
    _scanf_really_hex_real                   0x08000eed   Thumb Code   786  scanf_hexfp.o(.text)
    _scanf_really_infnan                     0x0800120d   Thumb Code   292  scanf_infnan.o(.text)
    exit                                     0x08001341   Thumb Code    18  exit.o(.text)
    strcmp                                   0x08001355   Thumb Code   128  strcmpv7m.o(.text)
    __aeabi_llsl                             0x080013d5   Thumb Code     0  llshl.o(.text)
    _ll_shift_l                              0x080013d5   Thumb Code    38  llshl.o(.text)
    _chval                                   0x080013fb   Thumb Code    28  _chval.o(.text)
    __btod_div_common                        0x08001417   Thumb Code   696  btod.o(CL$$btod_div_common)
    _e2d                                     0x08001751   Thumb Code   122  btod.o(CL$$btod_e2d)
    _e2e                                     0x080017d5   Thumb Code   220  btod.o(CL$$btod_e2e)
    _btod_ediv                               0x080018b1   Thumb Code    42  btod.o(CL$$btod_ediv)
    _btod_edivd                              0x080018db   Thumb Code    42  btod.o(CL$$btod_edivd)
    _btod_emul                               0x08001905   Thumb Code    42  btod.o(CL$$btod_emul)
    _btod_emuld                              0x0800192f   Thumb Code    42  btod.o(CL$$btod_emuld)
    __btod_mult_common                       0x08001959   Thumb Code   580  btod.o(CL$$btod_mult_common)
    BusFault_Handler                         0x08001b9d   Thumb Code     4  stm32f10x_it.o(i.BusFault_Handler)
    CAN_ClearITPendingBit                    0x08001ba1   Thumb Code   162  stm32f10x_can.o(i.CAN_ClearITPendingBit)
    CAN_FilterInit                           0x08001c49   Thumb Code   258  stm32f10x_can.o(i.CAN_FilterInit)
    CAN_GetITStatus                          0x08001d51   Thumb Code   284  stm32f10x_can.o(i.CAN_GetITStatus)
    CAN_ITConfig                             0x08001e71   Thumb Code    18  stm32f10x_can.o(i.CAN_ITConfig)
    CAN_Init                                 0x08001e83   Thumb Code   276  stm32f10x_can.o(i.CAN_Init)
    CAN_Receive                              0x08001f97   Thumb Code   240  stm32f10x_can.o(i.CAN_Receive)
    CAN_Transmit                             0x08002087   Thumb Code   294  stm32f10x_can.o(i.CAN_Transmit)
    CAN_TransmitStatus                       0x080021ad   Thumb Code   138  stm32f10x_can.o(i.CAN_TransmitStatus)
    DebugMon_Handler                         0x0800225f   Thumb Code     2  stm32f10x_it.o(i.DebugMon_Handler)
    GPIO_Init                                0x08002261   Thumb Code   278  stm32f10x_gpio.o(i.GPIO_Init)
    GPIO_ResetBits                           0x08002377   Thumb Code     4  stm32f10x_gpio.o(i.GPIO_ResetBits)
    GPIO_SetBits                             0x0800237b   Thumb Code     4  stm32f10x_gpio.o(i.GPIO_SetBits)
    HardFault_Handler                        0x0800237f   Thumb Code     4  stm32f10x_it.o(i.HardFault_Handler)
    MemManage_Handler                        0x08002383   Thumb Code     4  stm32f10x_it.o(i.MemManage_Handler)
    NMI_Handler                              0x08002387   Thumb Code     2  stm32f10x_it.o(i.NMI_Handler)
    NVIC_Init                                0x08002389   Thumb Code   100  misc.o(i.NVIC_Init)
    NVIC_PriorityGroupConfig                 0x080023f9   Thumb Code    10  misc.o(i.NVIC_PriorityGroupConfig)
    PendSV_Handler                           0x08002435   Thumb Code     2  stm32f10x_it.o(i.PendSV_Handler)
    RCC_APB1PeriphClockCmd                   0x08002439   Thumb Code    26  stm32f10x_rcc.o(i.RCC_APB1PeriphClockCmd)
    RCC_APB1PeriphResetCmd                   0x08002459   Thumb Code    26  stm32f10x_rcc.o(i.RCC_APB1PeriphResetCmd)
    RCC_APB2PeriphClockCmd                   0x08002479   Thumb Code    26  stm32f10x_rcc.o(i.RCC_APB2PeriphClockCmd)
    RCC_APB2PeriphResetCmd                   0x08002499   Thumb Code    26  stm32f10x_rcc.o(i.RCC_APB2PeriphResetCmd)
    RCC_GetClocksFreq                        0x080024b9   Thumb Code   192  stm32f10x_rcc.o(i.RCC_GetClocksFreq)
    SVC_Handler                              0x0800258d   Thumb Code     2  stm32f10x_it.o(i.SVC_Handler)
    SysTick_Handler                          0x08002679   Thumb Code    12  systick.o(i.SysTick_Handler)
    SystemInit                               0x08002689   Thumb Code    78  system_stm32f10x.o(i.SystemInit)
    TIM1_UP_IRQHandler                       0x08002929   Thumb Code    10  timer.o(i.TIM1_UP_IRQHandler)
    TIM2_IRQHandler                          0x08002933   Thumb Code    10  timer.o(i.TIM2_IRQHandler)
    TIM3_IRQHandler                          0x0800293d   Thumb Code    10  timer.o(i.TIM3_IRQHandler)
    TIM4_IRQHandler                          0x08002947   Thumb Code    10  timer.o(i.TIM4_IRQHandler)
    TIM_ARRPreloadConfig                     0x08002951   Thumb Code    24  stm32f10x_tim.o(i.TIM_ARRPreloadConfig)
    TIM_ClearFlag                            0x08002969   Thumb Code     6  stm32f10x_tim.o(i.TIM_ClearFlag)
    TIM_ClearITPendingBit                    0x0800296f   Thumb Code     6  stm32f10x_tim.o(i.TIM_ClearITPendingBit)
    TIM_Cmd                                  0x08002975   Thumb Code    24  stm32f10x_tim.o(i.TIM_Cmd)
    TIM_EncoderInterfaceConfig               0x0800298d   Thumb Code    66  stm32f10x_tim.o(i.TIM_EncoderInterfaceConfig)
    TIM_GetCounter                           0x080029cf   Thumb Code     6  stm32f10x_tim.o(i.TIM_GetCounter)
    TIM_GetFlagStatus                        0x080029d5   Thumb Code    18  stm32f10x_tim.o(i.TIM_GetFlagStatus)
    TIM_ICInit                               0x080029e9   Thumb Code   150  stm32f10x_tim.o(i.TIM_ICInit)
    TIM_ICStructInit                         0x08002a95   Thumb Code    18  stm32f10x_tim.o(i.TIM_ICStructInit)
    TIM_ITConfig                             0x08002aa7   Thumb Code    18  stm32f10x_tim.o(i.TIM_ITConfig)
    TIM_InternalClockConfig                  0x08002ab9   Thumb Code    12  stm32f10x_tim.o(i.TIM_InternalClockConfig)
    TIM_OC1Init                              0x08002ac5   Thumb Code   132  stm32f10x_tim.o(i.TIM_OC1Init)
    TIM_OC1PreloadConfig                     0x08002b5d   Thumb Code    18  stm32f10x_tim.o(i.TIM_OC1PreloadConfig)
    TIM_OC2Init                              0x08002b71   Thumb Code   154  stm32f10x_tim.o(i.TIM_OC2Init)
    TIM_OC2PreloadConfig                     0x08002c15   Thumb Code    26  stm32f10x_tim.o(i.TIM_OC2PreloadConfig)
    TIM_OC3Init                              0x08002c31   Thumb Code   150  stm32f10x_tim.o(i.TIM_OC3Init)
    TIM_OC3PreloadConfig                     0x08002cd1   Thumb Code    18  stm32f10x_tim.o(i.TIM_OC3PreloadConfig)
    TIM_OC4Init                              0x08002ce5   Thumb Code   114  stm32f10x_tim.o(i.TIM_OC4Init)
    TIM_OC4PreloadConfig                     0x08002d61   Thumb Code    26  stm32f10x_tim.o(i.TIM_OC4PreloadConfig)
    TIM_OCStructInit                         0x08002d7b   Thumb Code    20  stm32f10x_tim.o(i.TIM_OCStructInit)
    TIM_SetCounter                           0x08002d8f   Thumb Code     4  stm32f10x_tim.o(i.TIM_SetCounter)
    TIM_SetIC1Prescaler                      0x08002d93   Thumb Code    18  stm32f10x_tim.o(i.TIM_SetIC1Prescaler)
    TIM_SetIC2Prescaler                      0x08002da5   Thumb Code    26  stm32f10x_tim.o(i.TIM_SetIC2Prescaler)
    TIM_SetIC3Prescaler                      0x08002dbf   Thumb Code    18  stm32f10x_tim.o(i.TIM_SetIC3Prescaler)
    TIM_SetIC4Prescaler                      0x08002dd1   Thumb Code    26  stm32f10x_tim.o(i.TIM_SetIC4Prescaler)
    TIM_TimeBaseInit                         0x08002ded   Thumb Code   122  stm32f10x_tim.o(i.TIM_TimeBaseInit)
    USART1_IRQHandler                        0x08002e91   Thumb Code    10  usart.o(i.USART1_IRQHandler)
    USART2_IRQHandler                        0x08002e9b   Thumb Code    10  usart.o(i.USART2_IRQHandler)
    USART3_IRQHandler                        0x08002ea5   Thumb Code    10  usart.o(i.USART3_IRQHandler)
    USART_ClearITPendingBit                  0x08002eaf   Thumb Code    30  stm32f10x_usart.o(i.USART_ClearITPendingBit)
    USART_Cmd                                0x08002ecd   Thumb Code    24  stm32f10x_usart.o(i.USART_Cmd)
    USART_DeInit                             0x08002ee5   Thumb Code   134  stm32f10x_usart.o(i.USART_DeInit)
    USART_GetITStatus                        0x08002f81   Thumb Code    84  stm32f10x_usart.o(i.USART_GetITStatus)
    USART_ITConfig                           0x08002fd5   Thumb Code    74  stm32f10x_usart.o(i.USART_ITConfig)
    USART_Init                               0x08003021   Thumb Code   210  stm32f10x_usart.o(i.USART_Init)
    USART_ReceiveData                        0x080030f9   Thumb Code    10  stm32f10x_usart.o(i.USART_ReceiveData)
    USB_LP_CAN1_RX0_IRQHandler               0x08003105   Thumb Code    58  can.o(i.USB_LP_CAN1_RX0_IRQHandler)
    UsageFault_Handler                       0x08003149   Thumb Code     4  stm32f10x_it.o(i.UsageFault_Handler)
    __mathlib_dbl_overflow                   0x0800314d   Thumb Code    14  dunder.o(i.__mathlib_dbl_overflow)
    __mathlib_dbl_underflow                  0x0800315d   Thumb Code    10  dunder.o(i.__mathlib_dbl_underflow)
    __mathlib_narrow                         0x0800316d   Thumb Code    16  narrow.o(i.__mathlib_narrow)
    __mathlib_tofloat                        0x0800317d   Thumb Code   184  narrow.o(i.__mathlib_tofloat)
    __support_ldexp                          0x08003239   Thumb Code    22  ldexp.o(i.__support_ldexp)
    _is_digit                                0x080033ef   Thumb Code    14  __printf_wp.o(i._is_digit)
    _sys_exit                                0x08003639   Thumb Code     4  usart.o(i._sys_exit)
    a_board_init                             0x08003775   Thumb Code   162  a_board.o(i.a_board_init)
    a_fsm_process                            0x08003869   Thumb Code    94  a_fsm.o(i.a_fsm_process)
    a_fsm_trigger_event                      0x080038d1   Thumb Code     6  a_fsm.o(i.a_fsm_trigger_event)
    can_init                                 0x080038dd   Thumb Code   260  can.o(i.can_init)
    can_send                                 0x080039ed   Thumb Code   142  can.o(i.can_send)
    dwt_get_us                               0x08003aad   Thumb Code    12  dwt.o(i.dwt_get_us)
    dwt_init                                 0x08003abd   Thumb Code    40  dwt.o(i.dwt_init)
    dwt_is_timeout                           0x08003aed   Thumb Code    50  dwt.o(i.dwt_is_timeout)
    encoder_create                           0x08003b21   Thumb Code    46  d_encoder.o(i.encoder_create)
    fputc                                    0x08003c81   Thumb Code    24  usart.o(i.fputc)
    frexp                                    0x08003c9d   Thumb Code    80  frexp.o(i.frexp)
    gripper_create                           0x08003cf5   Thumb Code    48  d_gripper.o(i.gripper_create)
    ldexp                                    0x08003d89   Thumb Code   116  ldexp.o(i.ldexp)
    main                                     0x08003ead   Thumb Code    12  main.o(i.main)
    relay_create                             0x08003ef1   Thumb Code    24  d_relay.o(i.relay_create)
    s_delay_init                             0x08003f15   Thumb Code    14  s_delay.o(i.s_delay_init)
    s_delay_ms                               0x08003f29   Thumb Code    30  s_delay.o(i.s_delay_ms)
    s_nb_delay_ms                            0x08003f4d   Thumb Code    46  s_delay.o(i.s_nb_delay_ms)
    s_wireless_comms_init                    0x08003f81   Thumb Code    14  s_wireless_comms.o(i.s_wireless_comms_init)
    s_wireless_comms_process                 0x08003f9d   Thumb Code   166  s_wireless_comms.o(i.s_wireless_comms_process)
    systick_get_ms                           0x08004059   Thumb Code     6  systick.o(i.systick_get_ms)
    systick_init                             0x08004065   Thumb Code    66  systick.o(i.systick_init)
    systick_is_timeout                       0x080040b1   Thumb Code    44  systick.o(i.systick_is_timeout)
    tim_init                                 0x080040e1   Thumb Code   594  timer.o(i.tim_init)
    usart_init                               0x0800433d   Thumb Code   214  usart.o(i.usart_init)
    usart_read_byte                          0x0800441d   Thumb Code    54  usart.o(i.usart_read_byte)
    _get_lc_numeric                          0x08004455   Thumb Code    44  lc_numeric_c.o(locale$$code)
    _get_lc_ctype                            0x08004481   Thumb Code    44  lc_ctype_c.o(locale$$code)
    __aeabi_d2f                              0x080044ad   Thumb Code     0  d2f.o(x$fpl$d2f)
    _d2f                                     0x080044ad   Thumb Code    98  d2f.o(x$fpl$d2f)
    __fpl_dcheck_NaN1                        0x08004511   Thumb Code    10  dcheck1.o(x$fpl$dcheck1)
    __fpl_dcmp_Inf                           0x08004521   Thumb Code    24  dcmpi.o(x$fpl$dcmpinf)
    __aeabi_cdcmpeq                          0x08004539   Thumb Code     0  deqf.o(x$fpl$deqf)
    _dcmpeq                                  0x08004539   Thumb Code   120  deqf.o(x$fpl$deqf)
    __aeabi_d2iz                             0x080045b1   Thumb Code     0  dfix.o(x$fpl$dfix)
    _dfix                                    0x080045b1   Thumb Code    94  dfix.o(x$fpl$dfix)
    __aeabi_i2d                              0x0800460f   Thumb Code     0  dflt_clz.o(x$fpl$dflt)
    _dflt                                    0x0800460f   Thumb Code    46  dflt_clz.o(x$fpl$dflt)
    __aeabi_cdcmple                          0x0800463d   Thumb Code     0  dleqf.o(x$fpl$dleqf)
    _dcmple                                  0x0800463d   Thumb Code   120  dleqf.o(x$fpl$dleqf)
    __fpl_dcmple_InfNaN                      0x0800469f   Thumb Code     0  dleqf.o(x$fpl$dleqf)
    __fpl_dnaninf                            0x080046b5   Thumb Code   156  dnaninf.o(x$fpl$dnaninf)
    __aeabi_cdrcmple                         0x08004751   Thumb Code     0  drleqf.o(x$fpl$drleqf)
    _drcmple                                 0x08004751   Thumb Code   108  drleqf.o(x$fpl$drleqf)
    __aeabi_fadd                             0x080047bd   Thumb Code     0  faddsub_clz.o(x$fpl$fadd)
    _fadd                                    0x080047bd   Thumb Code   196  faddsub_clz.o(x$fpl$fadd)
    __fpl_fcmp_Inf                           0x08004881   Thumb Code    24  fcmpi.o(x$fpl$fcmpinf)
    __aeabi_fdiv                             0x08004899   Thumb Code     0  fdiv.o(x$fpl$fdiv)
    _fdiv                                    0x08004899   Thumb Code   384  fdiv.o(x$fpl$fdiv)
    __aeabi_i2f                              0x08004a1d   Thumb Code     0  fflt_clz.o(x$fpl$fflt)
    _fflt                                    0x08004a1d   Thumb Code    48  fflt_clz.o(x$fpl$fflt)
    __aeabi_cfcmple                          0x08004a4d   Thumb Code     0  fleqf.o(x$fpl$fleqf)
    _fcmple                                  0x08004a4d   Thumb Code   104  fleqf.o(x$fpl$fleqf)
    __fpl_fcmple_InfNaN                      0x08004a9f   Thumb Code     0  fleqf.o(x$fpl$fleqf)
    __fpl_fnaninf                            0x08004ab5   Thumb Code   140  fnaninf.o(x$fpl$fnaninf)
    __fpl_fretinf                            0x08004b41   Thumb Code    10  fretinf.o(x$fpl$fretinf)
    __aeabi_cfrcmple                         0x08004b4b   Thumb Code     0  frleqf.o(x$fpl$frleqf)
    _frcmple                                 0x08004b4b   Thumb Code    98  frleqf.o(x$fpl$frleqf)
    __aeabi_frsub                            0x08004bad   Thumb Code     0  faddsub_clz.o(x$fpl$frsb)
    _frsb                                    0x08004bad   Thumb Code    20  faddsub_clz.o(x$fpl$frsb)
    __aeabi_fsub                             0x08004bc1   Thumb Code     0  faddsub_clz.o(x$fpl$fsub)
    _fsub                                    0x08004bc1   Thumb Code   234  faddsub_clz.o(x$fpl$fsub)
    __ieee_status                            0x08004cab   Thumb Code     6  istatus.o(x$fpl$ieeestatus)
    __fpl_return_NaN                         0x08004cb1   Thumb Code   100  retnan.o(x$fpl$retnan)
    __ARM_scalbn                             0x08004d15   Thumb Code    92  scalbn.o(x$fpl$scalbn)
    _scanf_real                              0x08004d71   Thumb Code     4  scanf1.o(x$fpl$scanf1)
    _scanf_hex_real                          0x08004d75   Thumb Code     4  scanf2.o(x$fpl$scanf2)
    _scanf_infnan                            0x08004d79   Thumb Code     4  scanf2.o(x$fpl$scanf2)
    __fpl_cmpreturn                          0x08004d7d   Thumb Code    48  trapv.o(x$fpl$trapveneer)
    __I$use$fp                               0x08004dac   Number         0  usenofp.o(x$fpl$usenofp)
    Region$$Table$$Base                      0x08005044   Number         0  anon$$obj.o(Region$$Table)
    Region$$Table$$Limit                     0x08005064   Number         0  anon$$obj.o(Region$$Table)
    __aeabi_HUGE_VAL                         0x08005064   Data           0  fpconst.o(c$$dinf)
    __aeabi_HUGE_VALL                        0x08005064   Data           0  fpconst.o(c$$dinf)
    __aeabi_INFINITY                         0x08005064   Data           0  fpconst.o(c$$dinf)
    __dInf                                   0x08005064   Data           0  fpconst.o(c$$dinf)
    __huge_val                               0x08005064   Data           0  fpconst.o(c$$dinf)
    __dbl_max                                0x0800506c   Data           0  fpconst.o(c$$dmax)
    __ctype                                  0x0800509d   Data           0  lc_ctype_c.o(locale$$data)
    can                                      0x20000014   Data           8  a_board.o(.data)
    cur_event                                0x2000001c   Data           1  a_fsm.o(.data)
    cur_state                                0x20000020   Data           4  a_fsm.o(.data)
    state_normal                             0x20000024   Data          24  a_fsm.o(.data)
    state_idle                               0x2000003c   Data          24  a_fsm.o(.data)
    state_lift_moving                        0x20000054   Data          24  a_fsm.o(.data)
    state_error                              0x2000006c   Data          24  a_fsm.o(.data)
    lift_target_pos_mm                       0x20000084   Data           4  s_wireless_comms.o(.data)
    __stdout                                 0x200000a0   Data           4  usart.o(.data)
    usart1                                   0x200000a4   Data         136  a_board.o(.bss)
    usart2                                   0x2000012c   Data         136  a_board.o(.bss)
    tick                                     0x200001b4   Data          12  a_board.o(.bss)
    lift_encoder                             0x200001c0   Data          96  a_board.o(.bss)
    lift_relay                               0x20000220   Data          16  a_board.o(.bss)
    gripper                                  0x20000230   Data          32  a_board.o(.bss)
    __libspace_start                         0x200002fc   Data          96  libspace.o(.bss)
    __temporary_stack_top$libspace           0x2000035c   Data           0  libspace.o(.bss)



==============================================================================

Memory Map of the image

  Image Entry point : 0x080000ed

  Load Region LR_IROM1 (Base: 0x08000000, Size: 0x00005244, Max: 0x00010000, ABSOLUTE)

    Execution Region ER_IROM1 (Exec base: 0x08000000, Load base: 0x08000000, Size: 0x000051a0, Max: 0x00010000, ABSOLUTE)

    Exec Addr    Load Addr    Size         Type   Attr      Idx    E Section Name        Object

    0x08000000   0x08000000   0x000000ec   Data   RO         3127    RESET               startup_stm32f10x_md.o
    0x080000ec   0x080000ec   0x00000008   Code   RO         4040  * !!!main             c_w.l(__main.o)
    0x080000f4   0x080000f4   0x00000034   Code   RO         4487    !!!scatter          c_w.l(__scatter.o)
    0x08000128   0x08000128   0x0000001a   Code   RO         4489    !!handler_copy      c_w.l(__scatter_copy.o)
    0x08000142   0x08000142   0x00000002   PAD
    0x08000144   0x08000144   0x0000001c   Code   RO         4491    !!handler_zi        c_w.l(__scatter_zi.o)
    0x08000160   0x08000160   0x00000000   Code   RO         4033    .ARM.Collect$$_printf_percent$$00000000  c_w.l(_printf_percent.o)
    0x08000160   0x08000160   0x00000004   Code   RO         4141    .ARM.Collect$$_printf_percent$$00000017  c_w.l(_printf_percent_end.o)
    0x08000164   0x08000164   0x00000002   Code   RO         4296    .ARM.Collect$$libinit$$00000000  c_w.l(libinit.o)
    0x08000166   0x08000166   0x00000000   Code   RO         4298    .ARM.Collect$$libinit$$00000002  c_w.l(libinit2.o)
    0x08000166   0x08000166   0x00000000   Code   RO         4300    .ARM.Collect$$libinit$$00000004  c_w.l(libinit2.o)
    0x08000166   0x08000166   0x00000000   Code   RO         4303    .ARM.Collect$$libinit$$0000000A  c_w.l(libinit2.o)
    0x08000166   0x08000166   0x00000000   Code   RO         4305    .ARM.Collect$$libinit$$0000000C  c_w.l(libinit2.o)
    0x08000166   0x08000166   0x00000000   Code   RO         4307    .ARM.Collect$$libinit$$0000000E  c_w.l(libinit2.o)
    0x08000166   0x08000166   0x00000006   Code   RO         4308    .ARM.Collect$$libinit$$0000000F  c_w.l(libinit2.o)
    0x0800016c   0x0800016c   0x00000000   Code   RO         4310    .ARM.Collect$$libinit$$00000011  c_w.l(libinit2.o)
    0x0800016c   0x0800016c   0x0000000c   Code   RO         4311    .ARM.Collect$$libinit$$00000012  c_w.l(libinit2.o)
    0x08000178   0x08000178   0x00000000   Code   RO         4312    .ARM.Collect$$libinit$$00000013  c_w.l(libinit2.o)
    0x08000178   0x08000178   0x00000000   Code   RO         4314    .ARM.Collect$$libinit$$00000015  c_w.l(libinit2.o)
    0x08000178   0x08000178   0x0000000a   Code   RO         4315    .ARM.Collect$$libinit$$00000016  c_w.l(libinit2.o)
    0x08000182   0x08000182   0x00000000   Code   RO         4316    .ARM.Collect$$libinit$$00000017  c_w.l(libinit2.o)
    0x08000182   0x08000182   0x00000000   Code   RO         4318    .ARM.Collect$$libinit$$00000019  c_w.l(libinit2.o)
    0x08000182   0x08000182   0x00000000   Code   RO         4320    .ARM.Collect$$libinit$$0000001B  c_w.l(libinit2.o)
    0x08000182   0x08000182   0x00000000   Code   RO         4322    .ARM.Collect$$libinit$$0000001D  c_w.l(libinit2.o)
    0x08000182   0x08000182   0x00000000   Code   RO         4324    .ARM.Collect$$libinit$$0000001F  c_w.l(libinit2.o)
    0x08000182   0x08000182   0x00000000   Code   RO         4326    .ARM.Collect$$libinit$$00000021  c_w.l(libinit2.o)
    0x08000182   0x08000182   0x00000000   Code   RO         4328    .ARM.Collect$$libinit$$00000023  c_w.l(libinit2.o)
    0x08000182   0x08000182   0x00000000   Code   RO         4330    .ARM.Collect$$libinit$$00000025  c_w.l(libinit2.o)
    0x08000182   0x08000182   0x00000000   Code   RO         4334    .ARM.Collect$$libinit$$0000002C  c_w.l(libinit2.o)
    0x08000182   0x08000182   0x00000000   Code   RO         4336    .ARM.Collect$$libinit$$0000002E  c_w.l(libinit2.o)
    0x08000182   0x08000182   0x00000000   Code   RO         4338    .ARM.Collect$$libinit$$00000030  c_w.l(libinit2.o)
    0x08000182   0x08000182   0x00000000   Code   RO         4340    .ARM.Collect$$libinit$$00000032  c_w.l(libinit2.o)
    0x08000182   0x08000182   0x00000002   Code   RO         4341    .ARM.Collect$$libinit$$00000033  c_w.l(libinit2.o)
    0x08000184   0x08000184   0x00000002   Code   RO         4421    .ARM.Collect$$libshutdown$$00000000  c_w.l(libshutdown.o)
    0x08000186   0x08000186   0x00000000   Code   RO         4444    .ARM.Collect$$libshutdown$$00000002  c_w.l(libshutdown2.o)
    0x08000186   0x08000186   0x00000000   Code   RO         4446    .ARM.Collect$$libshutdown$$00000004  c_w.l(libshutdown2.o)
    0x08000186   0x08000186   0x00000000   Code   RO         4449    .ARM.Collect$$libshutdown$$00000007  c_w.l(libshutdown2.o)
    0x08000186   0x08000186   0x00000000   Code   RO         4452    .ARM.Collect$$libshutdown$$0000000A  c_w.l(libshutdown2.o)
    0x08000186   0x08000186   0x00000000   Code   RO         4454    .ARM.Collect$$libshutdown$$0000000C  c_w.l(libshutdown2.o)
    0x08000186   0x08000186   0x00000000   Code   RO         4457    .ARM.Collect$$libshutdown$$0000000F  c_w.l(libshutdown2.o)
    0x08000186   0x08000186   0x00000002   Code   RO         4458    .ARM.Collect$$libshutdown$$00000010  c_w.l(libshutdown2.o)
    0x08000188   0x08000188   0x00000000   Code   RO         4082    .ARM.Collect$$rtentry$$00000000  c_w.l(__rtentry.o)
    0x08000188   0x08000188   0x00000000   Code   RO         4175    .ARM.Collect$$rtentry$$00000002  c_w.l(__rtentry2.o)
    0x08000188   0x08000188   0x00000006   Code   RO         4187    .ARM.Collect$$rtentry$$00000004  c_w.l(__rtentry4.o)
    0x0800018e   0x0800018e   0x00000000   Code   RO         4177    .ARM.Collect$$rtentry$$00000009  c_w.l(__rtentry2.o)
    0x0800018e   0x0800018e   0x00000004   Code   RO         4178    .ARM.Collect$$rtentry$$0000000A  c_w.l(__rtentry2.o)
    0x08000192   0x08000192   0x00000000   Code   RO         4180    .ARM.Collect$$rtentry$$0000000C  c_w.l(__rtentry2.o)
    0x08000192   0x08000192   0x00000008   Code   RO         4181    .ARM.Collect$$rtentry$$0000000D  c_w.l(__rtentry2.o)
    0x0800019a   0x0800019a   0x00000002   Code   RO         4352    .ARM.Collect$$rtexit$$00000000  c_w.l(rtexit.o)
    0x0800019c   0x0800019c   0x00000000   Code   RO         4384    .ARM.Collect$$rtexit$$00000002  c_w.l(rtexit2.o)
    0x0800019c   0x0800019c   0x00000004   Code   RO         4385    .ARM.Collect$$rtexit$$00000003  c_w.l(rtexit2.o)
    0x080001a0   0x080001a0   0x00000006   Code   RO         4386    .ARM.Collect$$rtexit$$00000004  c_w.l(rtexit2.o)
    0x080001a6   0x080001a6   0x00000002   PAD
    0x080001a8   0x080001a8   0x00000040   Code   RO         3128    .text               startup_stm32f10x_md.o
    0x080001e8   0x080001e8   0x00000002   Code   RO         4002    .text               c_w.l(use_no_semi_2.o)
    0x080001ea   0x080001ea   0x00000002   PAD
    0x080001ec   0x080001ec   0x00000018   Code   RO         4006    .text               c_w.l(__2printf.o)
    0x08000204   0x08000204   0x00000188   Code   RO         4029    .text               c_w.l(__printf_flags_ss_wp.o)
    0x0800038c   0x0800038c   0x0000003c   Code   RO         4034    .text               c_w.l(__0sscanf.o)
    0x080003c8   0x080003c8   0x00000064   Code   RO         4036    .text               c_w.l(rt_memcpy_w.o)
    0x0800042c   0x0800042c   0x00000006   Code   RO         4038    .text               c_w.l(heapauxi.o)
    0x08000432   0x08000432   0x00000002   Code   RO         4080    .text               c_w.l(use_no_semi.o)
    0x08000434   0x08000434   0x00000024   Code   RO         4095    .text               c_w.l(_printf_char_file.o)
    0x08000458   0x08000458   0x000004f8   Code   RO         4151    .text               c_w.l(scanf_fp.o)
    0x08000950   0x08000950   0x0000002c   Code   RO         4153    .text               c_w.l(scanf_char.o)
    0x0800097c   0x0800097c   0x00000040   Code   RO         4155    .text               c_w.l(_sgetc.o)
    0x080009bc   0x080009bc   0x00000008   Code   RO         4192    .text               c_w.l(rt_locale_intlibspace.o)
    0x080009c4   0x080009c4   0x00000008   Code   RO         4197    .text               c_w.l(rt_errno_addr_intlibspace.o)
    0x080009cc   0x080009cc   0x00000012   Code   RO         4201    .text               c_w.l(isspace.o)
    0x080009de   0x080009de   0x00000002   PAD
    0x080009e0   0x080009e0   0x00000030   Code   RO         4208    .text               c_w.l(_printf_char_common.o)
    0x08000a10   0x08000a10   0x00000374   Code   RO         4216    .text               c_w.l(_scanf.o)
    0x08000d84   0x08000d84   0x000000e4   Code   RO         4218    .text               c_w.l(bigflt0.o)
    0x08000e68   0x08000e68   0x00000008   Code   RO         4243    .text               c_w.l(ferror.o)
    0x08000e70   0x08000e70   0x00000008   Code   RO         4272    .text               c_w.l(libspace.o)
    0x08000e78   0x08000e78   0x0000004a   Code   RO         4275    .text               c_w.l(sys_stackheap_outer.o)
    0x08000ec2   0x08000ec2   0x00000002   PAD
    0x08000ec4   0x08000ec4   0x00000010   Code   RO         4277    .text               c_w.l(rt_ctype_table.o)
    0x08000ed4   0x08000ed4   0x00000016   Code   RO         4279    .text               c_w.l(_rserrno.o)
    0x08000eea   0x08000eea   0x00000002   PAD
    0x08000eec   0x08000eec   0x00000320   Code   RO         4283    .text               c_w.l(scanf_hexfp.o)
    0x0800120c   0x0800120c   0x00000134   Code   RO         4285    .text               c_w.l(scanf_infnan.o)
    0x08001340   0x08001340   0x00000012   Code   RO         4287    .text               c_w.l(exit.o)
    0x08001352   0x08001352   0x00000002   PAD
    0x08001354   0x08001354   0x00000080   Code   RO         4289    .text               c_w.l(strcmpv7m.o)
    0x080013d4   0x080013d4   0x00000026   Code   RO         4354    .text               c_w.l(llshl.o)
    0x080013fa   0x080013fa   0x0000001c   Code   RO         4356    .text               c_w.l(_chval.o)
    0x08001416   0x08001416   0x00000338   Code   RO         4231    CL$$btod_div_common  c_w.l(btod.o)
    0x0800174e   0x0800174e   0x00000002   PAD
    0x08001750   0x08001750   0x00000084   Code   RO         4229    CL$$btod_e2d        c_w.l(btod.o)
    0x080017d4   0x080017d4   0x000000dc   Code   RO         4228    CL$$btod_e2e        c_w.l(btod.o)
    0x080018b0   0x080018b0   0x0000002a   Code   RO         4225    CL$$btod_ediv       c_w.l(btod.o)
    0x080018da   0x080018da   0x0000002a   Code   RO         4227    CL$$btod_edivd      c_w.l(btod.o)
    0x08001904   0x08001904   0x0000002a   Code   RO         4224    CL$$btod_emul       c_w.l(btod.o)
    0x0800192e   0x0800192e   0x0000002a   Code   RO         4226    CL$$btod_emuld      c_w.l(btod.o)
    0x08001958   0x08001958   0x00000244   Code   RO         4230    CL$$btod_mult_common  c_w.l(btod.o)
    0x08001b9c   0x08001b9c   0x00000004   Code   RO         3196    i.BusFault_Handler  stm32f10x_it.o
    0x08001ba0   0x08001ba0   0x000000a8   Code   RO          436    i.CAN_ClearITPendingBit  stm32f10x_can.o
    0x08001c48   0x08001c48   0x00000108   Code   RO          440    i.CAN_FilterInit    stm32f10x_can.o
    0x08001d50   0x08001d50   0x00000120   Code   RO          442    i.CAN_GetITStatus   stm32f10x_can.o
    0x08001e70   0x08001e70   0x00000012   Code   RO          446    i.CAN_ITConfig      stm32f10x_can.o
    0x08001e82   0x08001e82   0x00000114   Code   RO          447    i.CAN_Init          stm32f10x_can.o
    0x08001f96   0x08001f96   0x000000f0   Code   RO          450    i.CAN_Receive       stm32f10x_can.o
    0x08002086   0x08002086   0x00000126   Code   RO          455    i.CAN_Transmit      stm32f10x_can.o
    0x080021ac   0x080021ac   0x000000a0   Code   RO          456    i.CAN_TransmitStatus  stm32f10x_can.o
    0x0800224c   0x0800224c   0x00000012   Code   RO          458    i.CheckITStatus     stm32f10x_can.o
    0x0800225e   0x0800225e   0x00000002   Code   RO         3197    i.DebugMon_Handler  stm32f10x_it.o
    0x08002260   0x08002260   0x00000116   Code   RO         1276    i.GPIO_Init         stm32f10x_gpio.o
    0x08002376   0x08002376   0x00000004   Code   RO         1283    i.GPIO_ResetBits    stm32f10x_gpio.o
    0x0800237a   0x0800237a   0x00000004   Code   RO         1284    i.GPIO_SetBits      stm32f10x_gpio.o
    0x0800237e   0x0800237e   0x00000004   Code   RO         3198    i.HardFault_Handler  stm32f10x_it.o
    0x08002382   0x08002382   0x00000004   Code   RO         3199    i.MemManage_Handler  stm32f10x_it.o
    0x08002386   0x08002386   0x00000002   Code   RO         3200    i.NMI_Handler       stm32f10x_it.o
    0x08002388   0x08002388   0x00000070   Code   RO            1    i.NVIC_Init         misc.o
    0x080023f8   0x080023f8   0x00000014   Code   RO            2    i.NVIC_PriorityGroupConfig  misc.o
    0x0800240c   0x0800240c   0x00000028   Code   RO         3815    i.NVIC_SetPriority  systick.o
    0x08002434   0x08002434   0x00000002   Code   RO         3201    i.PendSV_Handler    stm32f10x_it.o
    0x08002436   0x08002436   0x00000002   PAD
    0x08002438   0x08002438   0x00000020   Code   RO         1704    i.RCC_APB1PeriphClockCmd  stm32f10x_rcc.o
    0x08002458   0x08002458   0x00000020   Code   RO         1705    i.RCC_APB1PeriphResetCmd  stm32f10x_rcc.o
    0x08002478   0x08002478   0x00000020   Code   RO         1706    i.RCC_APB2PeriphClockCmd  stm32f10x_rcc.o
    0x08002498   0x08002498   0x00000020   Code   RO         1707    i.RCC_APB2PeriphResetCmd  stm32f10x_rcc.o
    0x080024b8   0x080024b8   0x000000d4   Code   RO         1714    i.RCC_GetClocksFreq  stm32f10x_rcc.o
    0x0800258c   0x0800258c   0x00000002   Code   RO         3202    i.SVC_Handler       stm32f10x_it.o
    0x0800258e   0x0800258e   0x00000008   Code   RO         3143    i.SetSysClock       system_stm32f10x.o
    0x08002596   0x08002596   0x00000002   PAD
    0x08002598   0x08002598   0x000000e0   Code   RO         3144    i.SetSysClockTo72   system_stm32f10x.o
    0x08002678   0x08002678   0x00000010   Code   RO         3816    i.SysTick_Handler   systick.o
    0x08002688   0x08002688   0x00000060   Code   RO         3146    i.SystemInit        system_stm32f10x.o
    0x080026e8   0x080026e8   0x00000080   Code   RO         2334    i.TI1_Config        stm32f10x_tim.o
    0x08002768   0x08002768   0x00000098   Code   RO         2335    i.TI2_Config        stm32f10x_tim.o
    0x08002800   0x08002800   0x00000090   Code   RO         2336    i.TI3_Config        stm32f10x_tim.o
    0x08002890   0x08002890   0x00000098   Code   RO         2337    i.TI4_Config        stm32f10x_tim.o
    0x08002928   0x08002928   0x0000000a   Code   RO         3865    i.TIM1_UP_IRQHandler  timer.o
    0x08002932   0x08002932   0x0000000a   Code   RO         3866    i.TIM2_IRQHandler   timer.o
    0x0800293c   0x0800293c   0x0000000a   Code   RO         3867    i.TIM3_IRQHandler   timer.o
    0x08002946   0x08002946   0x0000000a   Code   RO         3868    i.TIM4_IRQHandler   timer.o
    0x08002950   0x08002950   0x00000018   Code   RO         2338    i.TIM_ARRPreloadConfig  stm32f10x_tim.o
    0x08002968   0x08002968   0x00000006   Code   RO         2344    i.TIM_ClearFlag     stm32f10x_tim.o
    0x0800296e   0x0800296e   0x00000006   Code   RO         2345    i.TIM_ClearITPendingBit  stm32f10x_tim.o
    0x08002974   0x08002974   0x00000018   Code   RO         2350    i.TIM_Cmd           stm32f10x_tim.o
    0x0800298c   0x0800298c   0x00000042   Code   RO         2359    i.TIM_EncoderInterfaceConfig  stm32f10x_tim.o
    0x080029ce   0x080029ce   0x00000006   Code   RO         2369    i.TIM_GetCounter    stm32f10x_tim.o
    0x080029d4   0x080029d4   0x00000012   Code   RO         2370    i.TIM_GetFlagStatus  stm32f10x_tim.o
    0x080029e6   0x080029e6   0x00000002   PAD
    0x080029e8   0x080029e8   0x000000ac   Code   RO         2373    i.TIM_ICInit        stm32f10x_tim.o
    0x08002a94   0x08002a94   0x00000012   Code   RO         2374    i.TIM_ICStructInit  stm32f10x_tim.o
    0x08002aa6   0x08002aa6   0x00000012   Code   RO         2375    i.TIM_ITConfig      stm32f10x_tim.o
    0x08002ab8   0x08002ab8   0x0000000c   Code   RO         2377    i.TIM_InternalClockConfig  stm32f10x_tim.o
    0x08002ac4   0x08002ac4   0x00000098   Code   RO         2379    i.TIM_OC1Init       stm32f10x_tim.o
    0x08002b5c   0x08002b5c   0x00000012   Code   RO         2382    i.TIM_OC1PreloadConfig  stm32f10x_tim.o
    0x08002b6e   0x08002b6e   0x00000002   PAD
    0x08002b70   0x08002b70   0x000000a4   Code   RO         2384    i.TIM_OC2Init       stm32f10x_tim.o
    0x08002c14   0x08002c14   0x0000001a   Code   RO         2387    i.TIM_OC2PreloadConfig  stm32f10x_tim.o
    0x08002c2e   0x08002c2e   0x00000002   PAD
    0x08002c30   0x08002c30   0x000000a0   Code   RO         2389    i.TIM_OC3Init       stm32f10x_tim.o
    0x08002cd0   0x08002cd0   0x00000012   Code   RO         2392    i.TIM_OC3PreloadConfig  stm32f10x_tim.o
    0x08002ce2   0x08002ce2   0x00000002   PAD
    0x08002ce4   0x08002ce4   0x0000007c   Code   RO         2394    i.TIM_OC4Init       stm32f10x_tim.o
    0x08002d60   0x08002d60   0x0000001a   Code   RO         2396    i.TIM_OC4PreloadConfig  stm32f10x_tim.o
    0x08002d7a   0x08002d7a   0x00000014   Code   RO         2397    i.TIM_OCStructInit  stm32f10x_tim.o
    0x08002d8e   0x08002d8e   0x00000004   Code   RO         2415    i.TIM_SetCounter    stm32f10x_tim.o
    0x08002d92   0x08002d92   0x00000012   Code   RO         2416    i.TIM_SetIC1Prescaler  stm32f10x_tim.o
    0x08002da4   0x08002da4   0x0000001a   Code   RO         2417    i.TIM_SetIC2Prescaler  stm32f10x_tim.o
    0x08002dbe   0x08002dbe   0x00000012   Code   RO         2418    i.TIM_SetIC3Prescaler  stm32f10x_tim.o
    0x08002dd0   0x08002dd0   0x0000001a   Code   RO         2419    i.TIM_SetIC4Prescaler  stm32f10x_tim.o
    0x08002dea   0x08002dea   0x00000002   PAD
    0x08002dec   0x08002dec   0x000000a4   Code   RO         2421    i.TIM_TimeBaseInit  stm32f10x_tim.o
    0x08002e90   0x08002e90   0x0000000a   Code   RO         3923    i.USART1_IRQHandler  usart.o
    0x08002e9a   0x08002e9a   0x0000000a   Code   RO         3924    i.USART2_IRQHandler  usart.o
    0x08002ea4   0x08002ea4   0x0000000a   Code   RO         3925    i.USART3_IRQHandler  usart.o
    0x08002eae   0x08002eae   0x0000001e   Code   RO         2886    i.USART_ClearITPendingBit  stm32f10x_usart.o
    0x08002ecc   0x08002ecc   0x00000018   Code   RO         2889    i.USART_Cmd         stm32f10x_usart.o
    0x08002ee4   0x08002ee4   0x0000009c   Code   RO         2891    i.USART_DeInit      stm32f10x_usart.o
    0x08002f80   0x08002f80   0x00000054   Code   RO         2893    i.USART_GetITStatus  stm32f10x_usart.o
    0x08002fd4   0x08002fd4   0x0000004a   Code   RO         2895    i.USART_ITConfig    stm32f10x_usart.o
    0x0800301e   0x0800301e   0x00000002   PAD
    0x08003020   0x08003020   0x000000d8   Code   RO         2896    i.USART_Init        stm32f10x_usart.o
    0x080030f8   0x080030f8   0x0000000a   Code   RO         2903    i.USART_ReceiveData  stm32f10x_usart.o
    0x08003102   0x08003102   0x00000002   PAD
    0x08003104   0x08003104   0x00000044   Code   RO         3749    i.USB_LP_CAN1_RX0_IRQHandler  can.o
    0x08003148   0x08003148   0x00000004   Code   RO         3203    i.UsageFault_Handler  stm32f10x_it.o
    0x0800314c   0x0800314c   0x0000000e   Code   RO         4400    i.__mathlib_dbl_overflow  m_ws.l(dunder.o)
    0x0800315a   0x0800315a   0x00000002   PAD
    0x0800315c   0x0800315c   0x00000010   Code   RO         4402    i.__mathlib_dbl_underflow  m_ws.l(dunder.o)
    0x0800316c   0x0800316c   0x00000010   Code   RO         4266    i.__mathlib_narrow  m_ws.l(narrow.o)
    0x0800317c   0x0800317c   0x000000bc   Code   RO         4267    i.__mathlib_tofloat  m_ws.l(narrow.o)
    0x08003238   0x08003238   0x00000016   Code   RO         4372    i.__support_ldexp   m_ws.l(ldexp.o)
    0x0800324e   0x0800324e   0x00000002   PAD
    0x08003250   0x08003250   0x00000014   Code   RO         3671    i._close            d_gripper.o
    0x08003264   0x08003264   0x00000028   Code   RO         3592    i._compare_cmd      s_wireless_comms.o
    0x0800328c   0x0800328c   0x00000024   Code   RO         3672    i._disable          d_gripper.o
    0x080032b0   0x080032b0   0x0000005c   Code   RO         3673    i._enable           d_gripper.o
    0x0800330c   0x0800330c   0x00000006   Code   RO         3631    i._get_position     d_encoder.o
    0x08003312   0x08003312   0x00000006   Code   RO         3632    i._get_speed        d_encoder.o
    0x08003318   0x08003318   0x00000040   Code   RO         3869    i._gpio_init        timer.o
    0x08003358   0x08003358   0x00000030   Code   RO         3633    i._init             d_encoder.o
    0x08003388   0x08003388   0x0000000a   Code   RO         3674    i._init             d_gripper.o
    0x08003392   0x08003392   0x0000005c   Code   RO         3719    i._init             d_relay.o
    0x080033ee   0x080033ee   0x0000000e   Code   RO         4022    i._is_digit         c_w.l(__printf_wp.o)
    0x080033fc   0x080033fc   0x00000014   Code   RO         3675    i._open             d_gripper.o
    0x08003410   0x08003410   0x00000120   Code   RO         3593    i._parse_cmd        s_wireless_comms.o
    0x08003530   0x08003530   0x00000018   Code   RO         3634    i._read_raw         d_encoder.o
    0x08003548   0x08003548   0x0000007c   Code   RO         3676    i._set_angle        d_gripper.o
    0x080035c4   0x080035c4   0x0000005a   Code   RO         3720    i._set_dir          d_relay.o
    0x0800361e   0x0800361e   0x0000001a   Code   RO         3721    i._stop             d_relay.o
    0x08003638   0x08003638   0x00000004   Code   RO         3926    i._sys_exit         usart.o
    0x0800363c   0x0800363c   0x00000044   Code   RO         3870    i._tim_irq          timer.o
    0x08003680   0x08003680   0x00000084   Code   RO         3635    i._update           d_encoder.o
    0x08003704   0x08003704   0x00000070   Code   RO         3927    i._usart_irq        usart.o
    0x08003774   0x08003774   0x000000f4   Code   RO         3320    i.a_board_init      a_board.o
    0x08003868   0x08003868   0x00000068   Code   RO         3344    i.a_fsm_process     a_fsm.o
    0x080038d0   0x080038d0   0x0000000c   Code   RO         3345    i.a_fsm_trigger_event  a_fsm.o
    0x080038dc   0x080038dc   0x00000110   Code   RO         3750    i.can_init          can.o
    0x080039ec   0x080039ec   0x00000094   Code   RO         3751    i.can_send          can.o
    0x08003a80   0x08003a80   0x0000002c   Code   RO         3346    i.dispatch_event    a_fsm.o
    0x08003aac   0x08003aac   0x00000010   Code   RO         3788    i.dwt_get_us        dwt.o
    0x08003abc   0x08003abc   0x00000030   Code   RO         3789    i.dwt_init          dwt.o
    0x08003aec   0x08003aec   0x00000032   Code   RO         3790    i.dwt_is_timeout    dwt.o
    0x08003b1e   0x08003b1e   0x00000002   PAD
    0x08003b20   0x08003b20   0x00000040   Code   RO         3636    i.encoder_create    d_encoder.o
    0x08003b60   0x08003b60   0x00000038   Code   RO         3347    i.enter_down_to     a_fsm.o
    0x08003b98   0x08003b98   0x00000020   Code   RO         3348    i.error_entry       a_fsm.o
    0x08003bb8   0x08003bb8   0x00000014   Code   RO         3349    i.error_handle_event  a_fsm.o
    0x08003bcc   0x08003bcc   0x00000018   Code   RO         3350    i.execute_action    a_fsm.o
    0x08003be4   0x08003be4   0x0000001c   Code   RO         3351    i.exit_up_to        a_fsm.o
    0x08003c00   0x08003c00   0x00000080   Code   RO         3352    i.find_lca          a_fsm.o
    0x08003c80   0x08003c80   0x0000001c   Code   RO         3928    i.fputc             usart.o
    0x08003c9c   0x08003c9c   0x00000058   Code   RO         4349    i.frexp             m_ws.l(frexp.o)
    0x08003cf4   0x08003cf4   0x00000048   Code   RO         3677    i.gripper_create    d_gripper.o
    0x08003d3c   0x08003d3c   0x00000038   Code   RO         3353    i.idle_action       a_fsm.o
    0x08003d74   0x08003d74   0x00000014   Code   RO         3354    i.idle_handle_event  a_fsm.o
    0x08003d88   0x08003d88   0x00000074   Code   RO         4373    i.ldexp             m_ws.l(ldexp.o)
    0x08003dfc   0x08003dfc   0x00000068   Code   RO         3355    i.lift_moving_action  a_fsm.o
    0x08003e64   0x08003e64   0x0000001c   Code   RO         3356    i.lift_moving_entry  a_fsm.o
    0x08003e80   0x08003e80   0x00000018   Code   RO         3357    i.lift_moving_exit  a_fsm.o
    0x08003e98   0x08003e98   0x00000014   Code   RO         3358    i.lift_moving_handle_event  a_fsm.o
    0x08003eac   0x08003eac   0x0000000c   Code   RO         3253    i.main              main.o
    0x08003eb8   0x08003eb8   0x00000024   Code   RO         3359    i.normal_action     a_fsm.o
    0x08003edc   0x08003edc   0x00000014   Code   RO         3360    i.normal_handle_event  a_fsm.o
    0x08003ef0   0x08003ef0   0x00000024   Code   RO         3722    i.relay_create      d_relay.o
    0x08003f14   0x08003f14   0x00000014   Code   RO         3455    i.s_delay_init      s_delay.o
    0x08003f28   0x08003f28   0x00000024   Code   RO         3456    i.s_delay_ms        s_delay.o
    0x08003f4c   0x08003f4c   0x00000034   Code   RO         3459    i.s_nb_delay_ms     s_delay.o
    0x08003f80   0x08003f80   0x0000001c   Code   RO         3594    i.s_wireless_comms_init  s_wireless_comms.o
    0x08003f9c   0x08003f9c   0x000000bc   Code   RO         3595    i.s_wireless_comms_process  s_wireless_comms.o
    0x08004058   0x08004058   0x0000000c   Code   RO         3817    i.systick_get_ms    systick.o
    0x08004064   0x08004064   0x0000004c   Code   RO         3819    i.systick_init      systick.o
    0x080040b0   0x080040b0   0x00000030   Code   RO         3820    i.systick_is_timeout  systick.o
    0x080040e0   0x080040e0   0x0000025c   Code   RO         3871    i.tim_init          timer.o
    0x0800433c   0x0800433c   0x000000e0   Code   RO         3929    i.usart_init        usart.o
    0x0800441c   0x0800441c   0x00000036   Code   RO         3930    i.usart_read_byte   usart.o
    0x08004452   0x08004452   0x00000002   PAD
    0x08004454   0x08004454   0x0000002c   Code   RO         4250    locale$$code        c_w.l(lc_numeric_c.o)
    0x08004480   0x08004480   0x0000002c   Code   RO         4359    locale$$code        c_w.l(lc_ctype_c.o)
    0x080044ac   0x080044ac   0x00000062   Code   RO         4342    x$fpl$d2f           fz_ws.l(d2f.o)
    0x0800450e   0x0800450e   0x00000002   PAD
    0x08004510   0x08004510   0x00000010   Code   RO         4394    x$fpl$dcheck1       fz_ws.l(dcheck1.o)
    0x08004520   0x08004520   0x00000018   Code   RO         4363    x$fpl$dcmpinf       fz_ws.l(dcmpi.o)
    0x08004538   0x08004538   0x00000078   Code   RO         4344    x$fpl$deqf          fz_ws.l(deqf.o)
    0x080045b0   0x080045b0   0x0000005e   Code   RO         4042    x$fpl$dfix          fz_ws.l(dfix.o)
    0x0800460e   0x0800460e   0x0000002e   Code   RO         4047    x$fpl$dflt          fz_ws.l(dflt_clz.o)
    0x0800463c   0x0800463c   0x00000078   Code   RO         4365    x$fpl$dleqf         fz_ws.l(dleqf.o)
    0x080046b4   0x080046b4   0x0000009c   Code   RO         4157    x$fpl$dnaninf       fz_ws.l(dnaninf.o)
    0x08004750   0x08004750   0x0000006c   Code   RO         4346    x$fpl$drleqf        fz_ws.l(drleqf.o)
    0x080047bc   0x080047bc   0x000000c4   Code   RO         4054    x$fpl$fadd          fz_ws.l(faddsub_clz.o)
    0x08004880   0x08004880   0x00000018   Code   RO         4161    x$fpl$fcmpinf       fz_ws.l(fcmpi.o)
    0x08004898   0x08004898   0x00000184   Code   RO         4061    x$fpl$fdiv          fz_ws.l(fdiv.o)
    0x08004a1c   0x08004a1c   0x00000030   Code   RO         4065    x$fpl$fflt          fz_ws.l(fflt_clz.o)
    0x08004a4c   0x08004a4c   0x00000068   Code   RO         4070    x$fpl$fleqf         fz_ws.l(fleqf.o)
    0x08004ab4   0x08004ab4   0x0000008c   Code   RO         4163    x$fpl$fnaninf       fz_ws.l(fnaninf.o)
    0x08004b40   0x08004b40   0x0000000a   Code   RO         4165    x$fpl$fretinf       fz_ws.l(fretinf.o)
    0x08004b4a   0x08004b4a   0x00000062   Code   RO         4074    x$fpl$frleqf        fz_ws.l(frleqf.o)
    0x08004bac   0x08004bac   0x00000014   Code   RO         4055    x$fpl$frsb          fz_ws.l(faddsub_clz.o)
    0x08004bc0   0x08004bc0   0x000000ea   Code   RO         4056    x$fpl$fsub          fz_ws.l(faddsub_clz.o)
    0x08004caa   0x08004caa   0x00000006   Code   RO         4256    x$fpl$ieeestatus    fz_ws.l(istatus.o)
    0x08004cb0   0x08004cb0   0x00000064   Code   RO         4434    x$fpl$retnan        fz_ws.l(retnan.o)
    0x08004d14   0x08004d14   0x0000005c   Code   RO         4369    x$fpl$scalbn        fz_ws.l(scalbn.o)
    0x08004d70   0x08004d70   0x00000004   Code   RO         4078    x$fpl$scanf1        fz_ws.l(scanf1.o)
    0x08004d74   0x08004d74   0x00000008   Code   RO         4258    x$fpl$scanf2        fz_ws.l(scanf2.o)
    0x08004d7c   0x08004d7c   0x00000030   Code   RO         4459    x$fpl$trapveneer    fz_ws.l(trapv.o)
    0x08004dac   0x08004dac   0x00000000   Code   RO         4173    x$fpl$usenofp       fz_ws.l(usenofp.o)
    0x08004dac   0x08004dac   0x0000011c   Data   RO         3322    .constdata          a_board.o
    0x08004ec8   0x08004ec8   0x00000020   Data   RO         3753    .constdata          can.o
    0x08004ee8   0x08004ee8   0x00000030   Data   RO         3874    .constdata          timer.o
    0x08004f18   0x08004f18   0x00000060   Data   RO         3934    .constdata          usart.o
    0x08004f78   0x08004f78   0x00000011   Data   RO         4030    .constdata          c_w.l(__printf_flags_ss_wp.o)
    0x08004f89   0x08004f89   0x00000003   PAD
    0x08004f8c   0x08004f8c   0x00000094   Data   RO         4219    .constdata          c_w.l(bigflt0.o)
    0x08005020   0x08005020   0x00000022   Data   RO         3361    .conststring        a_fsm.o
    0x08005042   0x08005042   0x00000002   PAD
    0x08005044   0x08005044   0x00000020   Data   RO         4485    Region$$Table       anon$$obj.o
    0x08005064   0x08005064   0x00000008   Data   RO         4252    c$$dinf             fz_ws.l(fpconst.o)
    0x0800506c   0x0800506c   0x00000008   Data   RO         4255    c$$dmax             fz_ws.l(fpconst.o)
    0x08005074   0x08005074   0x0000001c   Data   RO         4249    locale$$data        c_w.l(lc_numeric_c.o)
    0x08005090   0x08005090   0x00000110   Data   RO         4358    locale$$data        c_w.l(lc_ctype_c.o)


    Execution Region RW_IRAM1 (Exec base: 0x20000000, Load base: 0x080051a0, Size: 0x00000960, Max: 0x00005000, ABSOLUTE)

    Exec Addr    Load Addr    Size         Type   Attr      Idx    E Section Name        Object

    0x20000000   0x080051a0   0x00000014   Data   RW         1734    .data               stm32f10x_rcc.o
    0x20000014   0x080051b4   0x00000008   Data   RW         3323    .data               a_board.o
    0x2000001c   0x080051bc   0x00000068   Data   RW         3362    .data               a_fsm.o
    0x20000084   0x08005224   0x00000013   Data   RW         3597    .data               s_wireless_comms.o
    0x20000097   0x08005237   0x00000001   PAD
    0x20000098   0x08005238   0x00000004   Data   RW         3754    .data               can.o
    0x2000009c   0x0800523c   0x00000004   Data   RW         3821    .data               systick.o
    0x200000a0   0x08005240   0x00000004   Data   RW         3935    .data               usart.o
    0x200000a4        -       0x000001ac   Zero   RW         3321    .bss                a_board.o
    0x20000250        -       0x00000010   Zero   RW         3461    .bss                s_delay.o
    0x20000260        -       0x00000080   Zero   RW         3596    .bss                s_wireless_comms.o
    0x200002e0        -       0x00000010   Zero   RW         3873    .bss                timer.o
    0x200002f0        -       0x0000000c   Zero   RW         3933    .bss                usart.o
    0x200002fc        -       0x00000060   Zero   RW         4273    .bss                c_w.l(libspace.o)
    0x2000035c   0x08005244   0x00000004   PAD
    0x20000360        -       0x00000200   Zero   RW         3126    HEAP                startup_stm32f10x_md.o
    0x20000560        -       0x00000400   Zero   RW         3125    STACK               startup_stm32f10x_md.o


==============================================================================

Image component sizes


      Code (inc. data)   RO Data    RW Data    ZI Data      Debug   Object Name

       244         82        284          8        428       1428   a_board.o
       756        126         34        104          0       9850   a_fsm.o
       488         28         32          4          0       4235   can.o
       280         22          0          0          0       3861   d_encoder.o
       374         70          0          0          0       4841   d_gripper.o
       244         12          0          0          0       2687   d_relay.o
       114         12          0          0          0       2121   dwt.o
        12          0          0          0          0       5331   main.o
       132         22          0          0          0     261091   misc.o
       108         18          0          0         16       2880   s_delay.o
       544        144          0         19        128       3292   s_wireless_comms.o
        64         26        236          0       1536        828   startup_stm32f10x_md.o
         0          0          0          0          0       1676   stm32f10x_adc.o
      1726         38          0          0          0      15119   stm32f10x_can.o
       286          0          0          0          0      11288   stm32f10x_gpio.o
        24          0          0          0          0       3452   stm32f10x_it.o
       340         44          0         20          0      14180   stm32f10x_rcc.o
      1910        200          0          0          0      38923   stm32f10x_tim.o
       594         28          0          0          0      12099   stm32f10x_usart.o
       328         28          0          0          0       1889   system_stm32f10x.o
       192         32          0          4          0      18442   systick.o
       776         20         48          0         16       6454   timer.o
       452         22         96          4         12       7061   usart.o

    ----------------------------------------------------------------------
     10010        974        764        164       2136     433028   Object Totals
         0          0         32          0          0          0   (incl. Generated)
        22          0          2          1          0          0   (incl. Padding)

    ----------------------------------------------------------------------

      Code (inc. data)   RO Data    RW Data    ZI Data      Debug   Library Member Name

        60          8          0          0          0         84   __0sscanf.o
        24          4          0          0          0         84   __2printf.o
         8          0          0          0          0         68   __main.o
       392          4         17          0          0         92   __printf_flags_ss_wp.o
        14          0          0          0          0         68   __printf_wp.o
         0          0          0          0          0          0   __rtentry.o
        12          0          0          0          0          0   __rtentry2.o
         6          0          0          0          0          0   __rtentry4.o
        52          8          0          0          0          0   __scatter.o
        26          0          0          0          0          0   __scatter_copy.o
        28          0          0          0          0          0   __scatter_zi.o
        28          0          0          0          0         68   _chval.o
        48          6          0          0          0         96   _printf_char_common.o
        36          4          0          0          0         80   _printf_char_file.o
         0          0          0          0          0          0   _printf_percent.o
         4          0          0          0          0          0   _printf_percent_end.o
        22          0          0          0          0        100   _rserrno.o
       884          6          0          0          0        100   _scanf.o
        64          0          0          0          0         84   _sgetc.o
       228          4        148          0          0         96   bigflt0.o
      1924        136          0          0          0        756   btod.o
        18          0          0          0          0         80   exit.o
         8          0          0          0          0         68   ferror.o
         6          0          0          0          0        152   heapauxi.o
        18          0          0          0          0         76   isspace.o
        44         10        272          0          0         76   lc_ctype_c.o
        44         10         28          0          0         76   lc_numeric_c.o
         2          0          0          0          0          0   libinit.o
        30          0          0          0          0          0   libinit2.o
         2          0          0          0          0          0   libshutdown.o
         2          0          0          0          0          0   libshutdown2.o
         8          4          0          0         96         68   libspace.o
        38          0          0          0          0         68   llshl.o
        16          4          0          0          0         76   rt_ctype_table.o
         8          4          0          0          0         68   rt_errno_addr_intlibspace.o
         8          4          0          0          0         68   rt_locale_intlibspace.o
       100          0          0          0          0         80   rt_memcpy_w.o
         2          0          0          0          0          0   rtexit.o
        10          0          0          0          0          0   rtexit2.o
        44          8          0          0          0         84   scanf_char.o
      1272         16          0          0          0        168   scanf_fp.o
       800         14          0          0          0        100   scanf_hexfp.o
       308         16          0          0          0        100   scanf_infnan.o
       128          0          0          0          0         68   strcmpv7m.o
        74          0          0          0          0         80   sys_stackheap_outer.o
         2          0          0          0          0         68   use_no_semi.o
         2          0          0          0          0         68   use_no_semi_2.o
        98          4          0          0          0         92   d2f.o
        16          4          0          0          0         68   dcheck1.o
        24          0          0          0          0         68   dcmpi.o
       120          4          0          0          0         92   deqf.o
        94          4          0          0          0         92   dfix.o
        46          0          0          0          0         68   dflt_clz.o
       120          4          0          0          0         92   dleqf.o
       156          4          0          0          0         92   dnaninf.o
       108          0          0          0          0         80   drleqf.o
       450          8          0          0          0        236   faddsub_clz.o
        24          0          0          0          0         68   fcmpi.o
       388         76          0          0          0         96   fdiv.o
        48          0          0          0          0         68   fflt_clz.o
       104          4          0          0          0         84   fleqf.o
       140          4          0          0          0         84   fnaninf.o
         0          0         16          0          0          0   fpconst.o
        10          0          0          0          0         68   fretinf.o
        98          0          0          0          0         68   frleqf.o
         6          0          0          0          0         68   istatus.o
       100          0          0          0          0         68   retnan.o
        92          0          0          0          0         68   scalbn.o
         4          0          0          0          0         68   scanf1.o
         8          0          0          0          0         84   scanf2.o
        48          0          0          0          0         68   trapv.o
         0          0          0          0          0          0   usenofp.o
        30          6          0          0          0        136   dunder.o
        88          8          0          0          0         76   frexp.o
       138          0          0          0          0        160   ldexp.o
       204          4          0          0          0        168   narrow.o

    ----------------------------------------------------------------------
      9638        406        484          0        100       5948   Library Totals
        22          2          3          0          4          0   (incl. Padding)

    ----------------------------------------------------------------------

      Code (inc. data)   RO Data    RW Data    ZI Data      Debug   Library Name

      6854        270        465          0         96       3468   c_w.l
      2302        116         16          0          0       1940   fz_ws.l
       460         18          0          0          0        540   m_ws.l

    ----------------------------------------------------------------------
      9638        406        484          0        100       5948   Library Totals

    ----------------------------------------------------------------------

==============================================================================


      Code (inc. data)   RO Data    RW Data    ZI Data      Debug   

     19648       1380       1248        164       2236     428624   Grand Totals
     19648       1380       1248        164       2236     428624   ELF Image Totals
     19648       1380       1248        164          0          0   ROM Totals

==============================================================================

    Total RO  Size (Code + RO Data)                20896 (  20.41kB)
    Total RW  Size (RW Data + ZI Data)              2400 (   2.34kB)
    Total ROM Size (Code + RO Data + RW Data)      21060 (  20.57kB)

==============================================================================

